###############################################################################
#
# IAR ELF Linker V8.20.1.14183/W32 for ARM                04/Aug/2020  16:19:57
# Copyright 2007-2017 IAR Systems AB.
#
#    Output file  =  
#        G:\Onedrive\OneDrive - Hue Industrial
#        College\1.PKH\1.Project\16.STM32F1_W5500\1.Source\STM32_W5500_MQTT\EWARM\Debug\Exe\STM32F1_W5500_MQTT.out
#    Map file     =  
#        G:\Onedrive\OneDrive - Hue Industrial
#        College\1.PKH\1.Project\16.STM32F1_W5500\1.Source\STM32_W5500_MQTT\EWARM\Debug\List\STM32F1_W5500_MQTT.map
#    Command line =  
#        -f C:\Users\hongt\AppData\Local\Temp\EW4996.tmp ("G:\Onedrive\OneDrive
#        - Hue Industrial
#        College\1.PKH\1.Project\16.STM32F1_W5500\1.Source\STM32_W5500_MQTT\EWARM\Debug\Obj\core_cm3.o"
#        "G:\Onedrive\OneDrive - Hue Industrial
#        College\1.PKH\1.Project\16.STM32F1_W5500\1.Source\STM32_W5500_MQTT\EWARM\Debug\Obj\dhcp.o"
#        "G:\Onedrive\OneDrive - Hue Industrial
#        College\1.PKH\1.Project\16.STM32F1_W5500\1.Source\STM32_W5500_MQTT\EWARM\Debug\Obj\dns.o"
#        "G:\Onedrive\OneDrive - Hue Industrial
#        College\1.PKH\1.Project\16.STM32F1_W5500\1.Source\STM32_W5500_MQTT\EWARM\Debug\Obj\loopback.o"
#        "G:\Onedrive\OneDrive - Hue Industrial
#        College\1.PKH\1.Project\16.STM32F1_W5500\1.Source\STM32_W5500_MQTT\EWARM\Debug\Obj\main.o"
#        "G:\Onedrive\OneDrive - Hue Industrial
#        College\1.PKH\1.Project\16.STM32F1_W5500\1.Source\STM32_W5500_MQTT\EWARM\Debug\Obj\misc.o"
#        "G:\Onedrive\OneDrive - Hue Industrial
#        College\1.PKH\1.Project\16.STM32F1_W5500\1.Source\STM32_W5500_MQTT\EWARM\Debug\Obj\mqtt_interface.o"
#        "G:\Onedrive\OneDrive - Hue Industrial
#        College\1.PKH\1.Project\16.STM32F1_W5500\1.Source\STM32_W5500_MQTT\EWARM\Debug\Obj\MQTTClient.o"
#        "G:\Onedrive\OneDrive - Hue Industrial
#        College\1.PKH\1.Project\16.STM32F1_W5500\1.Source\STM32_W5500_MQTT\EWARM\Debug\Obj\MQTTConnectClient.o"
#        "G:\Onedrive\OneDrive - Hue Industrial
#        College\1.PKH\1.Project\16.STM32F1_W5500\1.Source\STM32_W5500_MQTT\EWARM\Debug\Obj\MQTTConnectServer.o"
#        "G:\Onedrive\OneDrive - Hue Industrial
#        College\1.PKH\1.Project\16.STM32F1_W5500\1.Source\STM32_W5500_MQTT\EWARM\Debug\Obj\MQTTDeserializePublish.o"
#        "G:\Onedrive\OneDrive - Hue Industrial
#        College\1.PKH\1.Project\16.STM32F1_W5500\1.Source\STM32_W5500_MQTT\EWARM\Debug\Obj\MQTTFormat.o"
#        "G:\Onedrive\OneDrive - Hue Industrial
#        College\1.PKH\1.Project\16.STM32F1_W5500\1.Source\STM32_W5500_MQTT\EWARM\Debug\Obj\MQTTPacket.o"
#        "G:\Onedrive\OneDrive - Hue Industrial
#        College\1.PKH\1.Project\16.STM32F1_W5500\1.Source\STM32_W5500_MQTT\EWARM\Debug\Obj\MQTTSerializePublish.o"
#        "G:\Onedrive\OneDrive - Hue Industrial
#        College\1.PKH\1.Project\16.STM32F1_W5500\1.Source\STM32_W5500_MQTT\EWARM\Debug\Obj\MQTTSubscribeClient.o"
#        "G:\Onedrive\OneDrive - Hue Industrial
#        College\1.PKH\1.Project\16.STM32F1_W5500\1.Source\STM32_W5500_MQTT\EWARM\Debug\Obj\MQTTSubscribeServer.o"
#        "G:\Onedrive\OneDrive - Hue Industrial
#        College\1.PKH\1.Project\16.STM32F1_W5500\1.Source\STM32_W5500_MQTT\EWARM\Debug\Obj\MQTTUnsubscribeClient.o"
#        "G:\Onedrive\OneDrive - Hue Industrial
#        College\1.PKH\1.Project\16.STM32F1_W5500\1.Source\STM32_W5500_MQTT\EWARM\Debug\Obj\MQTTUnsubscribeServer.o"
#        "G:\Onedrive\OneDrive - Hue Industrial
#        College\1.PKH\1.Project\16.STM32F1_W5500\1.Source\STM32_W5500_MQTT\EWARM\Debug\Obj\output_control.o"
#        "G:\Onedrive\OneDrive - Hue Industrial
#        College\1.PKH\1.Project\16.STM32F1_W5500\1.Source\STM32_W5500_MQTT\EWARM\Debug\Obj\printf.o"
#        "G:\Onedrive\OneDrive - Hue Industrial
#        College\1.PKH\1.Project\16.STM32F1_W5500\1.Source\STM32_W5500_MQTT\EWARM\Debug\Obj\process_string.o"
#        "G:\Onedrive\OneDrive - Hue Industrial
#        College\1.PKH\1.Project\16.STM32F1_W5500\1.Source\STM32_W5500_MQTT\EWARM\Debug\Obj\snmp.o"
#        "G:\Onedrive\OneDrive - Hue Industrial
#        College\1.PKH\1.Project\16.STM32F1_W5500\1.Source\STM32_W5500_MQTT\EWARM\Debug\Obj\snmp_custom.o"
#        "G:\Onedrive\OneDrive - Hue Industrial
#        College\1.PKH\1.Project\16.STM32F1_W5500\1.Source\STM32_W5500_MQTT\EWARM\Debug\Obj\sntp.o"
#        "G:\Onedrive\OneDrive - Hue Industrial
#        College\1.PKH\1.Project\16.STM32F1_W5500\1.Source\STM32_W5500_MQTT\EWARM\Debug\Obj\socket.o"
#        "G:\Onedrive\OneDrive - Hue Industrial
#        College\1.PKH\1.Project\16.STM32F1_W5500\1.Source\STM32_W5500_MQTT\EWARM\Debug\Obj\startup_stm32f10x_cl.o"
#        "G:\Onedrive\OneDrive - Hue Industrial
#        College\1.PKH\1.Project\16.STM32F1_W5500\1.Source\STM32_W5500_MQTT\EWARM\Debug\Obj\stm32f10x_adc.o"
#        "G:\Onedrive\OneDrive - Hue Industrial
#        College\1.PKH\1.Project\16.STM32F1_W5500\1.Source\STM32_W5500_MQTT\EWARM\Debug\Obj\stm32f10x_bkp.o"
#        "G:\Onedrive\OneDrive - Hue Industrial
#        College\1.PKH\1.Project\16.STM32F1_W5500\1.Source\STM32_W5500_MQTT\EWARM\Debug\Obj\stm32f10x_can.o"
#        "G:\Onedrive\OneDrive - Hue Industrial
#        College\1.PKH\1.Project\16.STM32F1_W5500\1.Source\STM32_W5500_MQTT\EWARM\Debug\Obj\stm32f10x_cec.o"
#        "G:\Onedrive\OneDrive - Hue Industrial
#        College\1.PKH\1.Project\16.STM32F1_W5500\1.Source\STM32_W5500_MQTT\EWARM\Debug\Obj\stm32f10x_crc.o"
#        "G:\Onedrive\OneDrive - Hue Industrial
#        College\1.PKH\1.Project\16.STM32F1_W5500\1.Source\STM32_W5500_MQTT\EWARM\Debug\Obj\stm32f10x_dac.o"
#        "G:\Onedrive\OneDrive - Hue Industrial
#        College\1.PKH\1.Project\16.STM32F1_W5500\1.Source\STM32_W5500_MQTT\EWARM\Debug\Obj\stm32f10x_dbgmcu.o"
#        "G:\Onedrive\OneDrive - Hue Industrial
#        College\1.PKH\1.Project\16.STM32F1_W5500\1.Source\STM32_W5500_MQTT\EWARM\Debug\Obj\stm32f10x_dma.o"
#        "G:\Onedrive\OneDrive - Hue Industrial
#        College\1.PKH\1.Project\16.STM32F1_W5500\1.Source\STM32_W5500_MQTT\EWARM\Debug\Obj\stm32f10x_exti.o"
#        "G:\Onedrive\OneDrive - Hue Industrial
#        College\1.PKH\1.Project\16.STM32F1_W5500\1.Source\STM32_W5500_MQTT\EWARM\Debug\Obj\stm32f10x_flash.o"
#        "G:\Onedrive\OneDrive - Hue Industrial
#        College\1.PKH\1.Project\16.STM32F1_W5500\1.Source\STM32_W5500_MQTT\EWARM\Debug\Obj\stm32f10x_fsmc.o"
#        "G:\Onedrive\OneDrive - Hue Industrial
#        College\1.PKH\1.Project\16.STM32F1_W5500\1.Source\STM32_W5500_MQTT\EWARM\Debug\Obj\stm32f10x_gpio.o"
#        "G:\Onedrive\OneDrive - Hue Industrial
#        College\1.PKH\1.Project\16.STM32F1_W5500\1.Source\STM32_W5500_MQTT\EWARM\Debug\Obj\stm32f10x_i2c.o"
#        "G:\Onedrive\OneDrive - Hue Industrial
#        College\1.PKH\1.Project\16.STM32F1_W5500\1.Source\STM32_W5500_MQTT\EWARM\Debug\Obj\stm32f10x_iwdg.o"
#        "G:\Onedrive\OneDrive - Hue Industrial
#        College\1.PKH\1.Project\16.STM32F1_W5500\1.Source\STM32_W5500_MQTT\EWARM\Debug\Obj\stm32f10x_pwr.o"
#        "G:\Onedrive\OneDrive - Hue Industrial
#        College\1.PKH\1.Project\16.STM32F1_W5500\1.Source\STM32_W5500_MQTT\EWARM\Debug\Obj\stm32f10x_rcc.o"
#        "G:\Onedrive\OneDrive - Hue Industrial
#        College\1.PKH\1.Project\16.STM32F1_W5500\1.Source\STM32_W5500_MQTT\EWARM\Debug\Obj\stm32f10x_rtc.o"
#        "G:\Onedrive\OneDrive - Hue Industrial
#        College\1.PKH\1.Project\16.STM32F1_W5500\1.Source\STM32_W5500_MQTT\EWARM\Debug\Obj\stm32f10x_sdio.o"
#        "G:\Onedrive\OneDrive - Hue Industrial
#        College\1.PKH\1.Project\16.STM32F1_W5500\1.Source\STM32_W5500_MQTT\EWARM\Debug\Obj\stm32f10x_spi.o"
#        "G:\Onedrive\OneDrive - Hue Industrial
#        College\1.PKH\1.Project\16.STM32F1_W5500\1.Source\STM32_W5500_MQTT\EWARM\Debug\Obj\stm32f10x_tim.o"
#        "G:\Onedrive\OneDrive - Hue Industrial
#        College\1.PKH\1.Project\16.STM32F1_W5500\1.Source\STM32_W5500_MQTT\EWARM\Debug\Obj\stm32f10x_usart.o"
#        "G:\Onedrive\OneDrive - Hue Industrial
#        College\1.PKH\1.Project\16.STM32F1_W5500\1.Source\STM32_W5500_MQTT\EWARM\Debug\Obj\stm32f10x_wwdg.o"
#        "G:\Onedrive\OneDrive - Hue Industrial
#        College\1.PKH\1.Project\16.STM32F1_W5500\1.Source\STM32_W5500_MQTT\EWARM\Debug\Obj\system_stm32f10x.o"
#        "G:\Onedrive\OneDrive - Hue Industrial
#        College\1.PKH\1.Project\16.STM32F1_W5500\1.Source\STM32_W5500_MQTT\EWARM\Debug\Obj\uart_debug.o"
#        "G:\Onedrive\OneDrive - Hue Industrial
#        College\1.PKH\1.Project\16.STM32F1_W5500\1.Source\STM32_W5500_MQTT\EWARM\Debug\Obj\w5500.o"
#        "G:\Onedrive\OneDrive - Hue Industrial
#        College\1.PKH\1.Project\16.STM32F1_W5500\1.Source\STM32_W5500_MQTT\EWARM\Debug\Obj\W5500HardwareDriver.o"
#        "G:\Onedrive\OneDrive - Hue Industrial
#        College\1.PKH\1.Project\16.STM32F1_W5500\1.Source\STM32_W5500_MQTT\EWARM\Debug\Obj\wizchip_conf.o"
#        -o "G:\Onedrive\OneDrive - Hue Industrial
#        College\1.PKH\1.Project\16.STM32F1_W5500\1.Source\STM32_W5500_MQTT\EWARM\Debug\Exe\STM32F1_W5500_MQTT.out"
#        --redirect _Printf=_PrintfFullNoMb --redirect _Scanf=_ScanfFullNoMb
#        --map "G:\Onedrive\OneDrive - Hue Industrial
#        College\1.PKH\1.Project\16.STM32F1_W5500\1.Source\STM32_W5500_MQTT\EWARM\Debug\List\STM32F1_W5500_MQTT.map"
#        --config "G:\Onedrive\OneDrive - Hue Industrial
#        College\1.PKH\1.Project\16.STM32F1_W5500\1.Source\STM32_W5500_MQTT\EWARM/settings/stm32f10x_flash.icf"
#        --semihosting --entry __iar_program_start --vfe --text_out locale)
#
###############################################################################

*******************************************************************************
*** RUNTIME MODEL ATTRIBUTES
***

CppFlavor       = *
__SystemLibrary = DLib
__dlib_version  = 6


*******************************************************************************
*** HEAP SELECTION
***

The basic heap was selected because no calls to memory allocation
functions were found in the application outside of system library
functions, and there are calls to deallocation functions in the
application.


*******************************************************************************
*** PLACEMENT SUMMARY
***

"A0":  place at 0x08000000 { ro section .intvec };
"P1":  place in [from 0x08000000 to 0x080fffff] { ro };
define block CSTACK with size = 1K, alignment = 8 { };
define block HEAP with size = 512, alignment = 8 { };
"P2":  place in [from 0x20000000 to 0x20017fff] {
          rw, block CSTACK, block HEAP };
initialize by copy { rw };

  Section            Kind        Address    Size  Object
  -------            ----        -------    ----  ------
"A0":                                      0x150
  .intvec            ro code  0x08000000   0x150  startup_stm32f10x_cl.o [1]
                            - 0x08000150   0x150

"P1":                                     0x4438
  .text              ro code  0x08000150   0xa7c  dhcp.o [1]
  .text              ro code  0x08000bcc   0x380  w5500.o [1]
  .text              ro code  0x08000f4c   0x810  socket.o [1]
  .text              ro code  0x0800175c   0x6c4  MQTTClient.o [1]
  .text              ro code  0x08001e20   0x168  mqtt_interface.o [1]
  .text              ro code  0x08001f88   0x1ec  MQTTPacket.o [1]
  .text              ro code  0x08002174   0x2b0  MQTTConnectClient.o [1]
  .text              ro code  0x08002424    0xf4  MQTTDeserializePublish.o [1]
  .text              ro code  0x08002518   0x114  MQTTSerializePublish.o [1]
  .text              ro code  0x0800262c    0xa6  ABImemcpy.o [5]
  .text              ro code  0x080026d2    0x7a  lz77_init_single.o [5]
  .text              ro code  0x0800274c   0x15c  MQTTSubscribeClient.o [1]
  .text              ro code  0x080028a8    0x88  misc.o [1]
  .text              ro code  0x08002930    0x36  strlen.o [5]
  .text              ro code  0x08002966    0x28  strncmp.o [3]
  .text              ro code  0x08002990   0x588  wizchip_conf.o [1]
  .text              ro code  0x08002f18   0x4d8  main.o [1]
  .text              ro code  0x080033f0   0x3b0  printf.o [1]
  .text              ro code  0x080037a0     0xc  putchar.o [3]
  .text              ro code  0x080037ac    0xdc  process_string.o [1]
  .text              ro code  0x08003888    0xc4  stm32f10x_rcc.o [1]
  .text              ro code  0x0800394c    0x88  uart_debug.o [1]
  .text              ro code  0x080039d4    0xc4  output_control.o [1]
  .text              ro code  0x08003a98   0x280  W5500HardwareDriver.o [1]
  .text              ro code  0x08003d18    0xdc  stm32f10x_usart.o [1]
  .text              ro code  0x08003df4     0x6  ABImemclr4.o [5]
  .text              ro code  0x08003dfc    0x3a  ABImemset48.o [5]
  .text              ro code  0x08003e36    0x20  strcat.o [3]
  .text              ro code  0x08003e58   0x178  iar_Stoulx.o [3]
  .text              ro code  0x08003fd0    0xa2  stm32f10x_gpio.o [1]
  .text              ro code  0x08004074    0x80  stm32f10x_spi.o [1]
  .text              ro code  0x080040f4    0x14  isspace.o [3]
  .text              ro code  0x08004108    0x14  tolower.o [3]
  .text              ro code  0x0800411c    0x58  memchr.o [5]
  .text              ro code  0x08004174    0x34  xlocale_c.o [3]
  .text              ro code  0x080041a8    0xfc  system_stm32f10x.o [1]
  .text              ro code  0x080042a4    0x40  zero_init3.o [5]
  .text              ro code  0x080042e4    0x28  data_init.o [5]
  .iar.init_table    const    0x0800430c    0x20  - Linker created -
  .text              ro code  0x0800432c    0x1e  cmain.o [5]
  .text              ro code  0x0800434a     0x4  low_level_init.o [3]
  .text              ro code  0x0800434e     0x4  exit.o [3]
  .text              ro code  0x08004354     0xa  cexit.o [5]
  .text              ro code  0x08004360    0x14  exit.o [6]
  .text              ro code  0x08004374    0x10  startup_stm32f10x_cl.o [1]
  .text              ro code  0x08004384     0xc  cstartup_M.o [5]
  .text              ro code  0x08004390     0x4  startup_stm32f10x_cl.o [1]
  .text              ro code  0x08004394     0x4  startup_stm32f10x_cl.o [1]
  .text              ro code  0x08004398     0x4  startup_stm32f10x_cl.o [1]
  .text              ro code  0x0800439c     0x4  startup_stm32f10x_cl.o [1]
  .text              ro code  0x080043a0     0x4  startup_stm32f10x_cl.o [1]
  .text              ro code  0x080043a4     0x4  startup_stm32f10x_cl.o [1]
  .text              ro code  0x080043a8     0x4  startup_stm32f10x_cl.o [1]
  .text              ro code  0x080043ac     0x4  startup_stm32f10x_cl.o [1]
  .text              ro code  0x080043b0     0x4  startup_stm32f10x_cl.o [1]
  .text              ro code  0x080043b4     0x4  startup_stm32f10x_cl.o [1]
  .text              ro code  0x080043b8     0x4  startup_stm32f10x_cl.o [1]
  .text              ro code  0x080043bc     0x4  startup_stm32f10x_cl.o [1]
  .text              ro code  0x080043c0     0x4  startup_stm32f10x_cl.o [1]
  .text              ro code  0x080043c4     0x4  startup_stm32f10x_cl.o [1]
  .text              ro code  0x080043c8     0x4  startup_stm32f10x_cl.o [1]
  .text              ro code  0x080043cc     0x4  startup_stm32f10x_cl.o [1]
  .text              ro code  0x080043d0     0x4  startup_stm32f10x_cl.o [1]
  .text              ro code  0x080043d4     0x4  startup_stm32f10x_cl.o [1]
  .text              ro code  0x080043d8     0x4  startup_stm32f10x_cl.o [1]
  .text              ro code  0x080043dc     0x4  startup_stm32f10x_cl.o [1]
  .text              ro code  0x080043e0     0x4  startup_stm32f10x_cl.o [1]
  .text              ro code  0x080043e4     0x4  startup_stm32f10x_cl.o [1]
  .text              ro code  0x080043e8     0x4  startup_stm32f10x_cl.o [1]
  .text              ro code  0x080043ec     0x4  startup_stm32f10x_cl.o [1]
  .text              ro code  0x080043f0     0x4  startup_stm32f10x_cl.o [1]
  .text              ro code  0x080043f4     0x4  startup_stm32f10x_cl.o [1]
  .text              ro code  0x080043f8     0x4  startup_stm32f10x_cl.o [1]
  .text              ro code  0x080043fc     0x4  startup_stm32f10x_cl.o [1]
  .text              ro code  0x08004400     0x4  startup_stm32f10x_cl.o [1]
  .text              ro code  0x08004404     0x4  startup_stm32f10x_cl.o [1]
  .text              ro code  0x08004408     0x4  startup_stm32f10x_cl.o [1]
  .text              ro code  0x0800440c     0x4  startup_stm32f10x_cl.o [1]
  .text              ro code  0x08004410     0x4  startup_stm32f10x_cl.o [1]
  .text              ro code  0x08004414     0x4  startup_stm32f10x_cl.o [1]
  .text              ro code  0x08004418     0x4  startup_stm32f10x_cl.o [1]
  .text              ro code  0x0800441c     0x4  startup_stm32f10x_cl.o [1]
  .text              ro code  0x08004420     0x4  startup_stm32f10x_cl.o [1]
  .text              ro code  0x08004424     0x4  startup_stm32f10x_cl.o [1]
  .text              ro code  0x08004428     0x4  startup_stm32f10x_cl.o [1]
  .text              ro code  0x0800442c     0x4  startup_stm32f10x_cl.o [1]
  .text              ro code  0x08004430     0x4  startup_stm32f10x_cl.o [1]
  .text              ro code  0x08004434     0x4  startup_stm32f10x_cl.o [1]
  .text              ro code  0x08004438     0x4  startup_stm32f10x_cl.o [1]
  .text              ro code  0x0800443c     0x4  startup_stm32f10x_cl.o [1]
  .text              ro code  0x08004440     0x4  startup_stm32f10x_cl.o [1]
  .text              ro code  0x08004444     0x4  startup_stm32f10x_cl.o [1]
  .text              ro code  0x08004448     0x4  startup_stm32f10x_cl.o [1]
  .text              ro code  0x0800444c     0x4  startup_stm32f10x_cl.o [1]
  .text              ro code  0x08004450     0x4  startup_stm32f10x_cl.o [1]
  .text              ro code  0x08004454     0x4  startup_stm32f10x_cl.o [1]
  .text              ro code  0x08004458     0x4  startup_stm32f10x_cl.o [1]
  .text              ro code  0x0800445c     0x4  startup_stm32f10x_cl.o [1]
  .text              ro code  0x08004460     0x4  startup_stm32f10x_cl.o [1]
  .text              ro code  0x08004464     0x4  startup_stm32f10x_cl.o [1]
  .text              ro code  0x08004468     0x4  startup_stm32f10x_cl.o [1]
  .text              ro code  0x0800446c     0x4  startup_stm32f10x_cl.o [1]
  .text              ro code  0x08004470     0x4  startup_stm32f10x_cl.o [1]
  .text              ro code  0x08004474     0x4  startup_stm32f10x_cl.o [1]
  .text              ro code  0x08004478     0x4  startup_stm32f10x_cl.o [1]
  .text              ro code  0x0800447c     0x4  startup_stm32f10x_cl.o [1]
  .text              ro code  0x08004480     0x4  startup_stm32f10x_cl.o [1]
  .text              ro code  0x08004484     0x4  startup_stm32f10x_cl.o [1]
  .text              ro code  0x08004488     0x4  startup_stm32f10x_cl.o [1]
  .text              ro code  0x0800448c     0x4  startup_stm32f10x_cl.o [1]
  .text              ro code  0x08004490     0x4  startup_stm32f10x_cl.o [1]
  .text              ro code  0x08004494     0x4  startup_stm32f10x_cl.o [1]
  .text              ro code  0x08004498     0x4  startup_stm32f10x_cl.o [1]
  .text              ro code  0x0800449c     0x4  startup_stm32f10x_cl.o [1]
  .text              ro code  0x080044a0     0x4  startup_stm32f10x_cl.o [1]
  .rodata            const    0x080044a4     0x2  xlocale_c.o [3]
  .rodata            const    0x080044a6     0x0  zero_init3.o [5]
  .rodata            const    0x080044a6     0x0  lz77_init_single.o [5]
  Initializer bytes  const    0x080044a6    0xe2  <for P2-1>
                            - 0x08004588  0x4438

"P2", part 1 of 3:                         0xa3c
  P2-1                        0x20000000   0xa3c  <Init block>
    .data            inited   0x20000000    0x48  dhcp.o [1]
    .data            inited   0x20000048   0x8c0  main.o [1]
    .data            inited   0x20000908    0x20  socket.o [1]
    .data            inited   0x20000928    0x14  stm32f10x_rcc.o [1]
    .data            inited   0x2000093c    0x28  wizchip_conf.o [1]
    .data            inited   0x20000964    0x48  xfiles.o [3]
    .data            inited   0x200009ac    0x48  xfiles.o [3]
    .data            inited   0x200009f4    0x48  xlocale_c.o [3]
                            - 0x20000a3c   0xa3c

"P2", part 2 of 3:                         0x124
  .bss               zero     0x20000a3c    0x70  output_control.o [1]
  .bss               zero     0x20000aac    0x50  xfiles.o [3]
  .bss               zero     0x20000afc    0x50  xfiles.o [3]
  .bss               zero     0x20000b4c     0x5  wizchip_conf.o [1]
  .bss               zero     0x20000b54     0x4  dhcp.o [1]
  .bss               zero     0x20000b58     0x4  mqtt_interface.o [1]
  .bss               zero     0x20000b5c     0x4  MQTTPacket.o [1]
                            - 0x20000b60   0x124

"P2", part 3 of 3:                         0x400
  CSTACK                      0x20000b60   0x400  <Block>
    CSTACK           uninit   0x20000b60   0x400  <Block tail>
                            - 0x20000f60   0x400


*******************************************************************************
*** INIT TABLE
***

          Address     Size
          -------     ----
Zero (__iar_zero_init3)
    1 destination range, total size 0x124:
          0x20000a3c  0x124

Copy/lz77 (__iar_lz77_init_single3)
    1 source range, total size 0xe2 (8% of destination):
          0x080044a6   0xe2
    1 destination range, total size 0xa3c:
          0x20000000  0xa3c



*******************************************************************************
*** MODULE SUMMARY
***

    Module                    ro code  ro data  rw data
    ------                    -------  -------  -------
G:\Onedrive\OneDrive - Hue Industrial College\1.PKH\1.Project\16.STM32F1_W5500\1.Source\STM32_W5500_MQTT\EWARM\Debug\Obj: [1]
    MQTTClient.o                1 732
    MQTTConnectClient.o           688
    MQTTDeserializePublish.o      244
    MQTTPacket.o                  492                 4
    MQTTSerializePublish.o        276
    MQTTSubscribeClient.o         348
    W5500HardwareDriver.o         640
    dhcp.o                      2 684        6       76
    main.o                      1 240      193    2 240
    misc.o                        136
    mqtt_interface.o              360                 4
    output_control.o              196               112
    printf.o                      944
    process_string.o              220
    socket.o                    2 064        3       32
    startup_stm32f10x_cl.o        628
    stm32f10x_gpio.o              162
    stm32f10x_rcc.o               196        1       20
    stm32f10x_spi.o               128
    stm32f10x_usart.o             220
    system_stm32f10x.o            252
    uart_debug.o                  136
    w5500.o                       896
    wizchip_conf.o              1 416        4       45
    ---------------------------------------------------
    Total:                     16 298      207    2 533

command line: [2]
    ---------------------------------------------------
    Total:

dl7M_tlf.a: [3]
    exit.o                          4
    iar_Stoulx.o                  376
    isspace.o                      20
    low_level_init.o                4
    putchar.o                      12
    strcat.o                       32
    strncmp.o                      40
    tolower.o                      20
    xfiles.o                                12      304
    xlocale_c.o                    52        8       72
    ---------------------------------------------------
    Total:                        560       20      376

m7M_tl.a: [4]
    ---------------------------------------------------
    Total:

rt7M_tl.a: [5]
    ABImemclr4.o                    6
    ABImemcpy.o                   166
    ABImemset48.o                  58
    cexit.o                        10
    cmain.o                        30
    cstartup_M.o                   12
    data_init.o                    40
    lz77_init_single.o            122
    memchr.o                       88
    strlen.o                       54
    zero_init3.o                   64
    ---------------------------------------------------
    Total:                        650

shb_l.a: [6]
    exit.o                         20
    ---------------------------------------------------
    Total:                         20

    Gaps                           12                 3
    Linker created                          33    1 024
-------------------------------------------------------
    Grand Total:               17 540      260    3 936


*******************************************************************************
*** ENTRY LIST
***

Entry                      Address   Size  Type      Object
-----                      -------   ----  ----      ------
.iar.init_table$$Base   0x0800430c          --   Gb  - Linker created -
.iar.init_table$$Limit  0x0800432c          --   Gb  - Linker created -
?main                   0x0800432d         Code  Gb  cmain.o [5]
ADCPrescTable           0x20000938    0x4  Data  Lc  stm32f10x_rcc.o [1]
APBAHBPrescTable        0x20000928   0x10  Data  Lc  stm32f10x_rcc.o [1]
CSTACK$$Base            0x20000b60          --   Gb  - Linker created -
CSTACK$$Limit           0x20000f60          --   Gb  - Linker created -
ConnectNetwork          0x08001f2b   0x4a  Code  Gb  mqtt_interface.o [1]
DHCP_CHADDR             0x20000000    0x8  Data  Gb  dhcp.o [1]
DHCP_SIP                0x20000008    0x4  Data  Gb  dhcp.o [1]
DHCP_SOCKET             0x2000001c    0x1  Data  Gb  dhcp.o [1]
DHCP_XID                0x20000034    0x4  Data  Gb  dhcp.o [1]
DHCP_allocated_dns      0x20000b54    0x4  Data  Gb  dhcp.o [1]
DHCP_allocated_gw       0x20000014    0x4  Data  Gb  dhcp.o [1]
DHCP_allocated_ip       0x20000010    0x4  Data  Gb  dhcp.o [1]
DHCP_allocated_sn       0x20000018    0x4  Data  Gb  dhcp.o [1]
DHCP_init               0x08000ac7   0x86  Code  Gb  dhcp.o [1]
DHCP_proc               0x08002ff5   0x50  Code  Gb  main.o [1]
DHCP_run                0x080008c9  0x13a  Code  Gb  dhcp.o [1]
GPIO_Init               0x08003fd1   0x9a  Code  Gb  stm32f10x_gpio.o [1]
GPIO_ResetBits          0x0800406f    0x4  Code  Gb  stm32f10x_gpio.o [1]
GPIO_SetBits            0x0800406b    0x4  Code  Gb  stm32f10x_gpio.o [1]
HOST_NAME               0x20000020    0x8  Data  Gb  dhcp.o [1]
InitTimer               0x08001ea9    0x6  Code  Gb  mqtt_interface.o [1]
MQTTClient              0x080017c7   0x36  Code  Gb  MQTTClient.o [1]
MQTTConnect             0x08001b7b   0xa2  Code  Gb  MQTTClient.o [1]
MQTTDeserialize_ack     0x080024c3   0x4e  Code  Gb  MQTTDeserializePublish.o [1]
MQTTDeserialize_connack
                        0x08002353   0x66  Code  Gb  MQTTConnectClient.o [1]
MQTTDeserialize_publish
                        0x08002425   0x9e  Code  Gb  MQTTDeserializePublish.o [1]
MQTTDeserialize_suback  0x0800281b   0x86  Code  Gb  MQTTSubscribeClient.o [1]
MQTTPacket_decode       0x08001fb5   0x3c  Code  Gb  MQTTPacket.o [1]
MQTTPacket_decodeBuf    0x08002033    0x8  Code  Gb  MQTTPacket.o [1]
MQTTPacket_encode       0x08001f89   0x2c  Code  Gb  MQTTPacket.o [1]
MQTTPacket_equals       0x0800213d   0x38  Code  Gb  MQTTPacket.o [1]
MQTTPacket_len          0x08001ff1   0x22  Code  Gb  MQTTPacket.o [1]
MQTTPublish             0x08001cdd   0xe6  Code  Gb  MQTTClient.o [1]
MQTTSerialize_ack       0x080025cb   0x58  Code  Gb  MQTTSerializePublish.o [1]
MQTTSerialize_connect   0x080021f3  0x160  Code  Gb  MQTTConnectClient.o [1]
MQTTSerialize_connectLength
                        0x08002175   0x7e  Code  Gb  MQTTConnectClient.o [1]
MQTTSerialize_pingreq   0x080023fd    0x4  Code  Gb  MQTTConnectClient.o [1]
MQTTSerialize_publish   0x08002537   0x94  Code  Gb  MQTTSerializePublish.o [1]
MQTTSerialize_publishLength
                        0x08002519   0x1e  Code  Gb  MQTTSerializePublish.o [1]
MQTTSerialize_subscribe
                        0x08002775   0xa6  Code  Gb  MQTTSubscribeClient.o [1]
MQTTSerialize_subscribeLength
                        0x0800274d   0x28  Code  Gb  MQTTSubscribeClient.o [1]
MQTTSerialize_zero      0x080023b9   0x44  Code  Gb  MQTTConnectClient.o [1]
MQTTSubscribe           0x08001c1d   0xc0  Code  Gb  MQTTClient.o [1]
MQTTYield               0x08001b1d   0x36  Code  Gb  MQTTClient.o [1]
MQTTstrlen              0x0800212d   0x10  Code  Gb  MQTTPacket.o [1]
MilliTimer              0x20000b58    0x4  Data  Gb  mqtt_interface.o [1]
NVIC_Init               0x080028a9   0x5a  Code  Gb  misc.o [1]
NVIC_SetPriority        0x08001e21   0x1e  Code  Lc  mqtt_interface.o [1]
NewMessageData          0x0800175d    0x6  Code  Gb  MQTTClient.o [1]
NewNetwork              0x08001eaf   0x18  Code  Gb  mqtt_interface.o [1]
OLD_allocated_ip        0x2000000c    0x4  Data  Gb  dhcp.o [1]
PrintChar               0x080033f1   0x1c  Code  Gb  printf.o [1]
PutChar                 0x0800340d    0x6  Code  Gb  printf.o [1]
PutHexa                 0x08003527   0x7e  Code  Gb  printf.o [1]
PutSignedInt            0x08003489   0x9e  Code  Gb  printf.o [1]
PutString               0x08003413   0x18  Code  Gb  printf.o [1]
PutUnsignedInt          0x0800342b   0x5e  Code  Gb  printf.o [1]
RCC_APB2PeriphClockCmd  0x08003923   0x16  Code  Gb  stm32f10x_rcc.o [1]
RCC_GetClocksFreq       0x08003899   0x8a  Code  Gb  stm32f10x_rcc.o [1]
RCC_PCLK2Config         0x08003889   0x10  Code  Gb  stm32f10x_rcc.o [1]
Region$$Table$$Base     0x0800430c          --   Gb  - Linker created -
Region$$Table$$Limit    0x0800432c          --   Gb  - Linker created -
SPI_Cmd                 0x080040ad   0x1a  Code  Gb  stm32f10x_spi.o [1]
SPI_I2S_GetFlagStatus   0x080040e7    0xe  Code  Gb  stm32f10x_spi.o [1]
SPI_I2S_ReceiveData     0x080040cb    0x4  Code  Gb  stm32f10x_spi.o [1]
SPI_I2S_SendData        0x080040c7    0x4  Code  Gb  stm32f10x_spi.o [1]
SPI_Init                0x08004075   0x38  Code  Gb  stm32f10x_spi.o [1]
SPI_NSSInternalSoftwareConfig
                        0x080040cf   0x18  Code  Gb  stm32f10x_spi.o [1]
SetSysClock             0x080041e9    0x2  Code  Lc  system_stm32f10x.o [1]
SetSysClockTo72         0x080041eb   0xa4  Code  Lc  system_stm32f10x.o [1]
SubString               0x200000f4    0x4  Data  Gb  main.o [1]
SysTick_CLKSourceConfig
                        0x08002903   0x18  Code  Gb  misc.o [1]
SysTick_Config          0x08001e3f   0x28  Code  Lc  mqtt_interface.o [1]
SysTick_Handler         0x08001e67    0xa  Code  Gb  mqtt_interface.o [1]
SystemInit              0x080041a9   0x40  Code  Gb  system_stm32f10x.o [1]
USART1Initialze         0x0800394d   0x80  Code  Gb  uart_debug.o [1]
USART_Cmd               0x08003dc5   0x1a  Code  Gb  stm32f10x_usart.o [1]
USART_GetFlagStatus     0x08003de7    0xe  Code  Gb  stm32f10x_usart.o [1]
USART_Init              0x08003d19   0xa4  Code  Gb  stm32f10x_usart.o [1]
USART_SendData          0x08003ddf    0x8  Code  Gb  stm32f10x_usart.o [1]
W5500DeSelect           0x08003cbd    0x8  Code  Gb  W5500HardwareDriver.o [1]
W5500HardwareInitilize  0x08003a99  0x10e  Code  Gb  W5500HardwareDriver.o [1]
W5500HardwareReset      0x08003c0d   0x46  Code  Gb  W5500HardwareDriver.o [1]
W5500Initialze          0x08003ba7   0x66  Code  Gb  W5500HardwareDriver.o [1]
W5500ReadByte           0x08003c85   0x2e  Code  Gb  W5500HardwareDriver.o [1]
W5500Select             0x08003cb5    0x8  Code  Gb  W5500HardwareDriver.o [1]
W5500WriteByte          0x08003c55   0x30  Code  Gb  W5500HardwareDriver.o [1]
WIZCHIP                 0x2000093c   0x28  Data  Gb  wizchip_conf.o [1]
WIZCHIP_READ            0x08000bcd   0x64  Code  Gb  w5500.o [1]
WIZCHIP_READ_BUF        0x08000c91   0x7e  Code  Gb  w5500.o [1]
WIZCHIP_WRITE           0x08000c31   0x60  Code  Gb  w5500.o [1]
WIZCHIP_WRITE_BUF       0x08000d0f   0x7c  Code  Gb  w5500.o [1]
_DHCP_                  0x20000b50    0x1  Data  Lc  wizchip_conf.o [1]
_DNS_                   0x20000b4c    0x4  Data  Lc  wizchip_conf.o [1]
_LocaleC_isspace        0x08004181   0x14  Code  Gb  xlocale_c.o [3]
_LocaleC_isupper        0x08004175    0x2  Code  Gb  xlocale_c.o [3]
_LocaleC_tolower        0x08004195    0xc  Code  Gb  xlocale_c.o [3]
__aeabi_memclr4         0x08003df5         Code  Gb  ABImemclr4.o [5]
__aeabi_memcpy          0x0800262d         Code  Gb  ABImemcpy.o [5]
__aeabi_memcpy4         0x0800264d         Code  Gb  ABImemcpy.o [5]
__aeabi_memcpy8         0x0800264d         Code  Gb  ABImemcpy.o [5]
__aeabi_memset4         0x08003dfd         Code  Gb  ABImemset48.o [5]
__aeabi_memset8         0x08003dfd         Code  Gb  ABImemset48.o [5]
__cmain                 0x0800432d         Code  Gb  cmain.o [5]
__exit                  0x08004361   0x14  Code  Gb  exit.o [6]
__iar_Memchr            0x0800411d         Code  Gb  memchr.o [5]
__iar_Memset4_word      0x08003e05         Code  Gb  ABImemset48.o [5]
__iar_Memset8_word      0x08003e05         Code  Gb  ABImemset48.o [5]
__iar_Stderr            0x200009ac   0x48  Data  Gb  xfiles.o [3]
__iar_Stdout            0x20000964   0x48  Data  Gb  xfiles.o [3]
__iar_Stoulx            0x08003e59  0x116  Code  Gb  iar_Stoulx.o [3]
__iar_data_init3        0x080042e5   0x28  Code  Gb  data_init.o [5]
__iar_globLocale        0x200009f4   0x48  Data  Lc  xlocale_c.o [3]
__iar_global_Locale     0x080041a1    0x4  Code  Gb  xlocale_c.o [3]
__iar_lz77_init_single3
                        0x080026d3   0x7a  Code  Gb  lz77_init_single.o [5]
__iar_program_start     0x08004385         Code  Gb  cstartup_M.o [5]
__iar_systems$$module {Abs}
                        0x00000001         Data  Gb  command line/config [2]
__iar_zero_init3        0x080042a5   0x40  Code  Gb  zero_init3.o [5]
__low_level_init        0x0800434b    0x4  Code  Gb  low_level_init.o [3]
__vector_table          0x08000000         Data  Gb  startup_stm32f10x_cl.o [1]
_call_main              0x08004339         Code  Gb  cmain.o [5]
_exit                   0x08004355         Code  Gb  cexit.o [5]
_main                   0x08004347         Code  Gb  cmain.o [5]
atol                    0x08003f75    0x2  Code  Gb  iar_Stoulx.o [3]
bufchar                 0x08002013   0x20  Code  Gb  MQTTPacket.o [1]
buffer_control          0x20000a48   0x64  Data  Gb  output_control.o [1]
bufptr                  0x20000b5c    0x4  Data  Lc  MQTTPacket.o [1]
c                       0x20000098   0x5c  Data  Gb  main.o [1]
check_DHCP_leasedIP     0x08000a71   0x56  Code  Gb  dhcp.o [1]
check_DHCP_timeout      0x08000a03   0x6e  Code  Gb  dhcp.o [1]
close                   0x08001063   0x64  Code  Gb  socket.o [1]
connect                 0x080010c7  0x108  Code  Gb  socket.o [1]
countdown               0x08001e89   0x10  Code  Gb  mqtt_interface.o [1]
countdown_ms            0x08001e7f    0xa  Code  Gb  mqtt_interface.o [1]
ctlnetwork              0x08002add   0x4a  Code  Gb  wizchip_conf.o [1]
ctlwizchip              0x080029f1   0xec  Code  Gb  wizchip_conf.o [1]
cycle                   0x08001a03  0x11a  Code  Gb  MQTTClient.o [1]
decodePacket            0x080017fd   0x50  Code  Gb  MQTTClient.o [1]
default_ip_assign       0x08000151   0x34  Code  Gb  dhcp.o [1]
default_ip_conflict     0x080001ab   0x22  Code  Gb  dhcp.o [1]
default_ip_update       0x08000185   0x26  Code  Gb  dhcp.o [1]
deliverMessage          0x0800192b   0x82  Code  Gb  MQTTClient.o [1]
dhcp_counter            0x20000090    0x4  Data  Gb  main.o [1]
dhcp_ip_assign          0x2000003c    0x4  Data  Gb  dhcp.o [1]
dhcp_ip_conflict        0x20000044    0x4  Data  Gb  dhcp.o [1]
dhcp_ip_update          0x20000040    0x4  Data  Gb  dhcp.o [1]
dhcp_lease_time         0x20000028    0x4  Data  Gb  dhcp.o [1]
dhcp_ret                0x20000078    0x4  Data  Gb  main.o [1]
dhcp_retry_count        0x2000001e    0x1  Data  Gb  dhcp.o [1]
dhcp_state              0x2000001d    0x1  Data  Gb  dhcp.o [1]
dhcp_tick_1s            0x2000002c    0x4  Data  Gb  dhcp.o [1]
dhcp_tick_next          0x20000030    0x4  Data  Gb  dhcp.o [1]
digits                  0x08003f80   0x28  Data  Lc  iar_Stoulx.o [3]
disconnect              0x080011cf   0x80  Code  Gb  socket.o [1]
ebuf                    0x20000aac   0x50  Data  Lc  xfiles.o [3]
exit                    0x0800434f    0x4  Code  Gb  exit.o [3]
expired                 0x08001e71    0xe  Code  Gb  mqtt_interface.o [1]
fputc                   0x08003721   0x22  Code  Gb  printf.o [1]
fputs                   0x08003751   0x2a  Code  Gb  printf.o [1]
free_buffer             0x0800386d   0x1c  Code  Gb  process_string.o [1]
gWIZNETINFO             0x20000048   0x18  Data  Gb  main.o [1]
getDNSfromDHCP          0x08000b99   0x14  Code  Gb  dhcp.o [1]
getGWfromDHCP           0x08000b71   0x14  Code  Gb  dhcp.o [1]
getIPfromDHCP           0x08000b5d   0x14  Code  Gb  dhcp.o [1]
getNextPacketId         0x08001763   0x16  Code  Gb  MQTTClient.o [1]
getSNfromDHCP           0x08000b85   0x14  Code  Gb  dhcp.o [1]
getSn_RX_RSR            0x08000de9   0x58  Code  Gb  w5500.o [1]
getSn_TX_FSR            0x08000d91   0x58  Code  Gb  w5500.o [1]
getValueInt             0x080037ad   0xb8  Code  Gb  process_string.o [1]
init_LED_output         0x080039d5   0x26  Code  Gb  output_control.o [1]
init_buzzer             0x080039fb   0x26  Code  Gb  output_control.o [1]
isTopicMatched          0x080018cb   0x60  Code  Gb  MQTTClient.o [1]
is_process_data         0x20000a44    0x4  Data  Gb  output_control.o [1]
isspace                 0x080040f5   0x14  Code  Gb  isspace.o [3]
keepalive               0x080019ad   0x56  Code  Gb  MQTTClient.o [1]
left_ms                 0x08001e99   0x10  Code  Gb  mqtt_interface.o [1]
main                    0x08003055  0x18a  Code  Gb  main.o [1]
makeDHCPMSG             0x080001cd  0x122  Code  Gb  dhcp.o [1]
memchr                  0x0800411d         Code  Gb  memchr.o [5]
mes_id                  0x20000074    0x2  Data  Gb  main.o [1]
message                 0x200000f8   0x10  Data  Gb  main.o [1]
messageArrived          0x08002f9f   0x56  Code  Gb  main.o [1]
mqtt_flag               0x20000061    0x1  Data  Gb  main.o [1]
mqtt_push_counter       0x20000060    0x1  Data  Gb  main.o [1]
n                       0x2000007c   0x10  Data  Gb  main.o [1]
ndigs                   0x08003fa8   0x28  Data  Lc  iar_Stoulx.o [3]
obuf                    0x20000afc   0x50  Data  Lc  xfiles.o [3]
pDHCPMSG                0x20000038    0x4  Data  Gb  dhcp.o [1]
parseDHCPMSG            0x08000793  0x134  Code  Gb  dhcp.o [1]
print_network_information
                        0x08002f19   0x86  Code  Gb  main.o [1]
printf                  0x08003713    0xe  Code  Gb  printf.o [1]
process_message_control
                        0x08003a41   0x4a  Code  Gb  output_control.o [1]
pubMessage              0x20000064   0x10  Data  Gb  main.o [1]
putchar                 0x080037a1    0xc  Code  Gb  putchar.o [3]
readChar                0x0800205b    0xc  Code  Gb  MQTTPacket.o [1]
readInt                 0x08002049   0x12  Code  Gb  MQTTPacket.o [1]
readMQTTLenString       0x080020f7   0x36  Code  Gb  MQTTPacket.o [1]
readPacket              0x0800184d   0x7e  Code  Gb  MQTTClient.o [1]
recv                    0x0800136b   0xde  Code  Gb  socket.o [1]
recvfrom                0x0800159f  0x1ba  Code  Gb  socket.o [1]
reg_wizchip_cs_cbfunc   0x080029a7   0x24  Code  Gb  wizchip_conf.o [1]
reg_wizchip_spi_cbfunc  0x080029cb   0x26  Code  Gb  wizchip_conf.o [1]
reset_DHCP_timeout      0x08000b4d   0x10  Code  Gb  dhcp.o [1]
send                    0x0800124f  0x11c  Code  Gb  socket.o [1]
sendPacket              0x08001779   0x4e  Code  Gb  MQTTClient.o [1]
send_DHCP_DECLINE       0x08000683  0x110  Code  Gb  dhcp.o [1]
send_DHCP_DISCOVER      0x080002ef  0x164  Code  Gb  dhcp.o [1]
send_DHCP_REQUEST       0x08000453  0x230  Code  Gb  dhcp.o [1]
sendto                  0x08001449  0x156  Code  Gb  socket.o [1]
sock_any_port           0x20000910    0x2  Data  Lc  socket.o [1]
sock_io_mode            0x20000912    0x2  Data  Lc  socket.o [1]
sock_is_sending         0x20000914    0x2  Data  Lc  socket.o [1]
sock_pack_info          0x20000908    0x8  Data  Lc  socket.o [1]
sock_remained_size      0x20000918   0x10  Data  Lc  socket.o [1]
socket                  0x08000f4d  0x116  Code  Gb  socket.o [1]
str_printf              0x08003045   0x10  Code  Gb  main.o [1]
strcat                  0x08003e37   0x20  Code  Gb  strcat.o [3]
strlen                  0x08002931         Code  Gb  strlen.o [5]
strncmp                 0x08002967   0x28  Code  Gb  strncmp.o [3]
targetIP                0x20000094    0x4  Data  Gb  main.o [1]
tempBuffer              0x20000108  0x800  Data  Gb  main.o [1]
tolower                 0x08004109   0x14  Code  Gb  tolower.o [3]
turn_off_LED            0x08003a29    0x8  Code  Gb  output_control.o [1]
turn_off_buzzer         0x08003a39    0x8  Code  Gb  output_control.o [1]
turn_on_LED             0x08003a21    0x8  Code  Gb  output_control.o [1]
turn_on_buzzer          0x08003a31    0x8  Code  Gb  output_control.o [1]
ui32_len_buffer_control
                        0x20000a40    0x4  Data  Gb  output_control.o [1]
ui32_len_message        0x2000008c    0x4  Data  Gb  main.o [1]
ui32_value_control      0x20000a3c    0x4  Data  Gb  output_control.o [1]
vfprintf                0x080036cf   0x3c  Code  Gb  printf.o [1]
vprintf                 0x0800370b    0x8  Code  Gb  printf.o [1]
vsnprintf               0x080035a5  0x120  Code  Gb  printf.o [1]
vsprintf                0x080036c5    0xa  Code  Gb  printf.o [1]
w5500_disconnect        0x08001f25    0x6  Code  Gb  mqtt_interface.o [1]
w5500_read              0x08001ec9   0x34  Code  Gb  mqtt_interface.o [1]
w5500_write             0x08001efd   0x28  Code  Gb  mqtt_interface.o [1]
waitfor                 0x08001b53   0x28  Code  Gb  MQTTClient.o [1]
wiz_recv_data           0x08000ea7   0x66  Code  Gb  w5500.o [1]
wiz_recv_ignore         0x08000f0d   0x40  Code  Gb  w5500.o [1]
wiz_send_data           0x08000e41   0x66  Code  Gb  w5500.o [1]
wizchip_bus_readbyte    0x08002999    0x4  Code  Gb  wizchip_conf.o [1]
wizchip_bus_writebyte   0x0800299d    0x4  Code  Gb  wizchip_conf.o [1]
wizchip_clrinterrupt    0x08002c15   0x20  Code  Gb  wizchip_conf.o [1]
wizchip_cris_enter      0x08002991    0x2  Code  Gb  wizchip_conf.o [1]
wizchip_cris_exit       0x08002993    0x2  Code  Gb  wizchip_conf.o [1]
wizchip_cs_deselect     0x08002997    0x2  Code  Gb  wizchip_conf.o [1]
wizchip_cs_select       0x08002995    0x2  Code  Gb  wizchip_conf.o [1]
wizchip_getinterrupt    0x08002c35   0x22  Code  Gb  wizchip_conf.o [1]
wizchip_getinterruptmask
                        0x08002c77   0x1e  Code  Gb  wizchip_conf.o [1]
wizchip_getnetinfo      0x08002e35   0x50  Code  Gb  wizchip_conf.o [1]
wizchip_getnetmode      0x08002ec1    0x6  Code  Gb  wizchip_conf.o [1]
wizchip_gettimeout      0x08002ef1   0x28  Code  Gb  wizchip_conf.o [1]
wizchip_init            0x08002b9d   0x78  Code  Gb  wizchip_conf.o [1]
wizchip_setinterruptmask
                        0x08002c57   0x20  Code  Gb  wizchip_conf.o [1]
wizchip_setnetinfo      0x08002de5   0x50  Code  Gb  wizchip_conf.o [1]
wizchip_setnetmode      0x08002e9d   0x24  Code  Gb  wizchip_conf.o [1]
wizchip_settimeout      0x08002ec7   0x2a  Code  Gb  wizchip_conf.o [1]
wizchip_spi_readbyte    0x080029a1    0x4  Code  Gb  wizchip_conf.o [1]
wizchip_spi_writebyte   0x080029a5    0x2  Code  Gb  wizchip_conf.o [1]
wizchip_sw_reset        0x08002b27   0x76  Code  Gb  wizchip_conf.o [1]
wizphy_getphyconf       0x08002d35   0x5e  Code  Gb  wizchip_conf.o [1]
wizphy_getphylink       0x08002c95   0x10  Code  Gb  wizchip_conf.o [1]
wizphy_getphypmode      0x08002ca5   0x18  Code  Gb  wizchip_conf.o [1]
wizphy_reset            0x08002cbd   0x32  Code  Gb  wizchip_conf.o [1]
wizphy_setphyconf       0x08002cef   0x46  Code  Gb  wizchip_conf.o [1]
wizphy_setphypmode      0x08002d93   0x52  Code  Gb  wizchip_conf.o [1]
writeCString            0x08002091   0x28  Code  Gb  MQTTPacket.o [1]
writeChar               0x08002067    0xc  Code  Gb  MQTTPacket.o [1]
writeInt                0x08002073   0x1e  Code  Gb  MQTTPacket.o [1]
writeMQTTString         0x080020b9   0x3e  Code  Gb  MQTTPacket.o [1]


[1] = G:\Onedrive\OneDrive - Hue Industrial College\1.PKH\1.Project\16.STM32F1_W5500\1.Source\STM32_W5500_MQTT\EWARM\Debug\Obj
[2] = command line
[3] = dl7M_tlf.a
[4] = m7M_tl.a
[5] = rt7M_tl.a
[6] = shb_l.a

  17 540 bytes of readonly  code memory
     260 bytes of readonly  data memory
   3 936 bytes of readwrite data memory

Errors: none
Warnings: none
