###############################################################################
#
# IAR ELF Linker V8.20.1.14183/W32 for ARM                05/Aug/2020  15:05:33
# Copyright 2007-2017 IAR Systems AB.
#
#    Output file  =  
#        G:\Onedrive\OneDrive - Hue Industrial
#        College\1.PKH\1.Project\16.STM32F1_W5500\1.Source\STM32_W5500_MQTT\EWARM\Debug\Exe\STM32F1_W5500_MQTT.out
#    Map file     =  
#        G:\Onedrive\OneDrive - Hue Industrial
#        College\1.PKH\1.Project\16.STM32F1_W5500\1.Source\STM32_W5500_MQTT\EWARM\Debug\List\STM32F1_W5500_MQTT.map
#    Command line =  
#        -f C:\Users\hongt\AppData\Local\Temp\EW46FD.tmp ("G:\Onedrive\OneDrive
#        - Hue Industrial
#        College\1.PKH\1.Project\16.STM32F1_W5500\1.Source\STM32_W5500_MQTT\EWARM\Debug\Obj\core_cm3.o"
#        "G:\Onedrive\OneDrive - Hue Industrial
#        College\1.PKH\1.Project\16.STM32F1_W5500\1.Source\STM32_W5500_MQTT\EWARM\Debug\Obj\dhcp.o"
#        "G:\Onedrive\OneDrive - Hue Industrial
#        College\1.PKH\1.Project\16.STM32F1_W5500\1.Source\STM32_W5500_MQTT\EWARM\Debug\Obj\dns.o"
#        "G:\Onedrive\OneDrive - Hue Industrial
#        College\1.PKH\1.Project\16.STM32F1_W5500\1.Source\STM32_W5500_MQTT\EWARM\Debug\Obj\loopback.o"
#        "G:\Onedrive\OneDrive - Hue Industrial
#        College\1.PKH\1.Project\16.STM32F1_W5500\1.Source\STM32_W5500_MQTT\EWARM\Debug\Obj\main.o"
#        "G:\Onedrive\OneDrive - Hue Industrial
#        College\1.PKH\1.Project\16.STM32F1_W5500\1.Source\STM32_W5500_MQTT\EWARM\Debug\Obj\misc.o"
#        "G:\Onedrive\OneDrive - Hue Industrial
#        College\1.PKH\1.Project\16.STM32F1_W5500\1.Source\STM32_W5500_MQTT\EWARM\Debug\Obj\mqtt_interface.o"
#        "G:\Onedrive\OneDrive - Hue Industrial
#        College\1.PKH\1.Project\16.STM32F1_W5500\1.Source\STM32_W5500_MQTT\EWARM\Debug\Obj\MQTTClient.o"
#        "G:\Onedrive\OneDrive - Hue Industrial
#        College\1.PKH\1.Project\16.STM32F1_W5500\1.Source\STM32_W5500_MQTT\EWARM\Debug\Obj\MQTTConnectClient.o"
#        "G:\Onedrive\OneDrive - Hue Industrial
#        College\1.PKH\1.Project\16.STM32F1_W5500\1.Source\STM32_W5500_MQTT\EWARM\Debug\Obj\MQTTConnectServer.o"
#        "G:\Onedrive\OneDrive - Hue Industrial
#        College\1.PKH\1.Project\16.STM32F1_W5500\1.Source\STM32_W5500_MQTT\EWARM\Debug\Obj\MQTTDeserializePublish.o"
#        "G:\Onedrive\OneDrive - Hue Industrial
#        College\1.PKH\1.Project\16.STM32F1_W5500\1.Source\STM32_W5500_MQTT\EWARM\Debug\Obj\MQTTFormat.o"
#        "G:\Onedrive\OneDrive - Hue Industrial
#        College\1.PKH\1.Project\16.STM32F1_W5500\1.Source\STM32_W5500_MQTT\EWARM\Debug\Obj\MQTTPacket.o"
#        "G:\Onedrive\OneDrive - Hue Industrial
#        College\1.PKH\1.Project\16.STM32F1_W5500\1.Source\STM32_W5500_MQTT\EWARM\Debug\Obj\MQTTSerializePublish.o"
#        "G:\Onedrive\OneDrive - Hue Industrial
#        College\1.PKH\1.Project\16.STM32F1_W5500\1.Source\STM32_W5500_MQTT\EWARM\Debug\Obj\MQTTSubscribeClient.o"
#        "G:\Onedrive\OneDrive - Hue Industrial
#        College\1.PKH\1.Project\16.STM32F1_W5500\1.Source\STM32_W5500_MQTT\EWARM\Debug\Obj\MQTTSubscribeServer.o"
#        "G:\Onedrive\OneDrive - Hue Industrial
#        College\1.PKH\1.Project\16.STM32F1_W5500\1.Source\STM32_W5500_MQTT\EWARM\Debug\Obj\MQTTUnsubscribeClient.o"
#        "G:\Onedrive\OneDrive - Hue Industrial
#        College\1.PKH\1.Project\16.STM32F1_W5500\1.Source\STM32_W5500_MQTT\EWARM\Debug\Obj\MQTTUnsubscribeServer.o"
#        "G:\Onedrive\OneDrive - Hue Industrial
#        College\1.PKH\1.Project\16.STM32F1_W5500\1.Source\STM32_W5500_MQTT\EWARM\Debug\Obj\output_control.o"
#        "G:\Onedrive\OneDrive - Hue Industrial
#        College\1.PKH\1.Project\16.STM32F1_W5500\1.Source\STM32_W5500_MQTT\EWARM\Debug\Obj\printf.o"
#        "G:\Onedrive\OneDrive - Hue Industrial
#        College\1.PKH\1.Project\16.STM32F1_W5500\1.Source\STM32_W5500_MQTT\EWARM\Debug\Obj\process_string.o"
#        "G:\Onedrive\OneDrive - Hue Industrial
#        College\1.PKH\1.Project\16.STM32F1_W5500\1.Source\STM32_W5500_MQTT\EWARM\Debug\Obj\snmp.o"
#        "G:\Onedrive\OneDrive - Hue Industrial
#        College\1.PKH\1.Project\16.STM32F1_W5500\1.Source\STM32_W5500_MQTT\EWARM\Debug\Obj\snmp_custom.o"
#        "G:\Onedrive\OneDrive - Hue Industrial
#        College\1.PKH\1.Project\16.STM32F1_W5500\1.Source\STM32_W5500_MQTT\EWARM\Debug\Obj\sntp.o"
#        "G:\Onedrive\OneDrive - Hue Industrial
#        College\1.PKH\1.Project\16.STM32F1_W5500\1.Source\STM32_W5500_MQTT\EWARM\Debug\Obj\socket.o"
#        "G:\Onedrive\OneDrive - Hue Industrial
#        College\1.PKH\1.Project\16.STM32F1_W5500\1.Source\STM32_W5500_MQTT\EWARM\Debug\Obj\spi_74hc595.o"
#        "G:\Onedrive\OneDrive - Hue Industrial
#        College\1.PKH\1.Project\16.STM32F1_W5500\1.Source\STM32_W5500_MQTT\EWARM\Debug\Obj\startup_stm32f10x_cl.o"
#        "G:\Onedrive\OneDrive - Hue Industrial
#        College\1.PKH\1.Project\16.STM32F1_W5500\1.Source\STM32_W5500_MQTT\EWARM\Debug\Obj\stm32f10x_adc.o"
#        "G:\Onedrive\OneDrive - Hue Industrial
#        College\1.PKH\1.Project\16.STM32F1_W5500\1.Source\STM32_W5500_MQTT\EWARM\Debug\Obj\stm32f10x_bkp.o"
#        "G:\Onedrive\OneDrive - Hue Industrial
#        College\1.PKH\1.Project\16.STM32F1_W5500\1.Source\STM32_W5500_MQTT\EWARM\Debug\Obj\stm32f10x_can.o"
#        "G:\Onedrive\OneDrive - Hue Industrial
#        College\1.PKH\1.Project\16.STM32F1_W5500\1.Source\STM32_W5500_MQTT\EWARM\Debug\Obj\stm32f10x_cec.o"
#        "G:\Onedrive\OneDrive - Hue Industrial
#        College\1.PKH\1.Project\16.STM32F1_W5500\1.Source\STM32_W5500_MQTT\EWARM\Debug\Obj\stm32f10x_crc.o"
#        "G:\Onedrive\OneDrive - Hue Industrial
#        College\1.PKH\1.Project\16.STM32F1_W5500\1.Source\STM32_W5500_MQTT\EWARM\Debug\Obj\stm32f10x_dac.o"
#        "G:\Onedrive\OneDrive - Hue Industrial
#        College\1.PKH\1.Project\16.STM32F1_W5500\1.Source\STM32_W5500_MQTT\EWARM\Debug\Obj\stm32f10x_dbgmcu.o"
#        "G:\Onedrive\OneDrive - Hue Industrial
#        College\1.PKH\1.Project\16.STM32F1_W5500\1.Source\STM32_W5500_MQTT\EWARM\Debug\Obj\stm32f10x_dma.o"
#        "G:\Onedrive\OneDrive - Hue Industrial
#        College\1.PKH\1.Project\16.STM32F1_W5500\1.Source\STM32_W5500_MQTT\EWARM\Debug\Obj\stm32f10x_exti.o"
#        "G:\Onedrive\OneDrive - Hue Industrial
#        College\1.PKH\1.Project\16.STM32F1_W5500\1.Source\STM32_W5500_MQTT\EWARM\Debug\Obj\stm32f10x_flash.o"
#        "G:\Onedrive\OneDrive - Hue Industrial
#        College\1.PKH\1.Project\16.STM32F1_W5500\1.Source\STM32_W5500_MQTT\EWARM\Debug\Obj\stm32f10x_fsmc.o"
#        "G:\Onedrive\OneDrive - Hue Industrial
#        College\1.PKH\1.Project\16.STM32F1_W5500\1.Source\STM32_W5500_MQTT\EWARM\Debug\Obj\stm32f10x_gpio.o"
#        "G:\Onedrive\OneDrive - Hue Industrial
#        College\1.PKH\1.Project\16.STM32F1_W5500\1.Source\STM32_W5500_MQTT\EWARM\Debug\Obj\stm32f10x_i2c.o"
#        "G:\Onedrive\OneDrive - Hue Industrial
#        College\1.PKH\1.Project\16.STM32F1_W5500\1.Source\STM32_W5500_MQTT\EWARM\Debug\Obj\stm32f10x_iwdg.o"
#        "G:\Onedrive\OneDrive - Hue Industrial
#        College\1.PKH\1.Project\16.STM32F1_W5500\1.Source\STM32_W5500_MQTT\EWARM\Debug\Obj\stm32f10x_pwr.o"
#        "G:\Onedrive\OneDrive - Hue Industrial
#        College\1.PKH\1.Project\16.STM32F1_W5500\1.Source\STM32_W5500_MQTT\EWARM\Debug\Obj\stm32f10x_rcc.o"
#        "G:\Onedrive\OneDrive - Hue Industrial
#        College\1.PKH\1.Project\16.STM32F1_W5500\1.Source\STM32_W5500_MQTT\EWARM\Debug\Obj\stm32f10x_rtc.o"
#        "G:\Onedrive\OneDrive - Hue Industrial
#        College\1.PKH\1.Project\16.STM32F1_W5500\1.Source\STM32_W5500_MQTT\EWARM\Debug\Obj\stm32f10x_sdio.o"
#        "G:\Onedrive\OneDrive - Hue Industrial
#        College\1.PKH\1.Project\16.STM32F1_W5500\1.Source\STM32_W5500_MQTT\EWARM\Debug\Obj\stm32f10x_spi.o"
#        "G:\Onedrive\OneDrive - Hue Industrial
#        College\1.PKH\1.Project\16.STM32F1_W5500\1.Source\STM32_W5500_MQTT\EWARM\Debug\Obj\stm32f10x_tim.o"
#        "G:\Onedrive\OneDrive - Hue Industrial
#        College\1.PKH\1.Project\16.STM32F1_W5500\1.Source\STM32_W5500_MQTT\EWARM\Debug\Obj\stm32f10x_usart.o"
#        "G:\Onedrive\OneDrive - Hue Industrial
#        College\1.PKH\1.Project\16.STM32F1_W5500\1.Source\STM32_W5500_MQTT\EWARM\Debug\Obj\stm32f10x_wwdg.o"
#        "G:\Onedrive\OneDrive - Hue Industrial
#        College\1.PKH\1.Project\16.STM32F1_W5500\1.Source\STM32_W5500_MQTT\EWARM\Debug\Obj\system_stm32f10x.o"
#        "G:\Onedrive\OneDrive - Hue Industrial
#        College\1.PKH\1.Project\16.STM32F1_W5500\1.Source\STM32_W5500_MQTT\EWARM\Debug\Obj\uart_debug.o"
#        "G:\Onedrive\OneDrive - Hue Industrial
#        College\1.PKH\1.Project\16.STM32F1_W5500\1.Source\STM32_W5500_MQTT\EWARM\Debug\Obj\w5500.o"
#        "G:\Onedrive\OneDrive - Hue Industrial
#        College\1.PKH\1.Project\16.STM32F1_W5500\1.Source\STM32_W5500_MQTT\EWARM\Debug\Obj\W5500HardwareDriver.o"
#        "G:\Onedrive\OneDrive - Hue Industrial
#        College\1.PKH\1.Project\16.STM32F1_W5500\1.Source\STM32_W5500_MQTT\EWARM\Debug\Obj\wizchip_conf.o"
#        -o "G:\Onedrive\OneDrive - Hue Industrial
#        College\1.PKH\1.Project\16.STM32F1_W5500\1.Source\STM32_W5500_MQTT\EWARM\Debug\Exe\STM32F1_W5500_MQTT.out"
#        --redirect _Printf=_PrintfFullNoMb --redirect _Scanf=_ScanfFullNoMb
#        --map "G:\Onedrive\OneDrive - Hue Industrial
#        College\1.PKH\1.Project\16.STM32F1_W5500\1.Source\STM32_W5500_MQTT\EWARM\Debug\List\STM32F1_W5500_MQTT.map"
#        --config "G:\Onedrive\OneDrive - Hue Industrial
#        College\1.PKH\1.Project\16.STM32F1_W5500\1.Source\STM32_W5500_MQTT\EWARM/settings/stm32f10x_flash.icf"
#        --semihosting --entry __iar_program_start --vfe --text_out locale)
#
###############################################################################

*******************************************************************************
*** RUNTIME MODEL ATTRIBUTES
***

CppFlavor       = *
__SystemLibrary = DLib
__dlib_version  = 6


*******************************************************************************
*** HEAP SELECTION
***

The basic heap was selected because no calls to memory allocation
functions were found in the application outside of system library
functions, and there are calls to deallocation functions in the
application.


*******************************************************************************
*** PLACEMENT SUMMARY
***

"A0":  place at 0x08000000 { ro section .intvec };
"P1":  place in [from 0x08000000 to 0x080fffff] { ro };
define block CSTACK with size = 1K, alignment = 8 { };
define block HEAP with size = 512, alignment = 8 { };
"P2":  place in [from 0x20000000 to 0x20017fff] {
          rw, block CSTACK, block HEAP };
initialize by copy { rw };

  Section            Kind        Address   Size  Object
  -------            ----        -------   ----  ------
"A0":                                     0x150
  .intvec            ro code  0x08000000  0x150  startup_stm32f10x_cl.o [1]
                            - 0x08000150  0x150

"P1":                                     0x715
  .text              ro code  0x08000150   0xfc  system_stm32f10x.o [1]
  .text              ro code  0x0800024c   0xe0  stm32f10x_rcc.o [1]
  .text              ro code  0x0800032c   0xc6  stm32f10x_usart.o [1]
  .text              ro code  0x080003f4   0xa4  spi_74hc595.o [1]
  .text              ro code  0x08000498   0x74  stm32f10x_spi.o [1]
  .text              ro code  0x0800050c   0x9a  stm32f10x_gpio.o [1]
  .text              ro code  0x080005a8   0x88  uart_debug.o [1]
  .text              ro code  0x08000630   0x38  packbits_init_single.o [5]
  .text              ro code  0x08000668   0x28  main.o [1]
  .text              ro code  0x08000690   0x28  data_init.o [5]
  .iar.init_table    const    0x080006b8   0x10  - Linker created -
  .text              ro code  0x080006c8   0x1e  cmain.o [5]
  .text              ro code  0x080006e6    0x4  low_level_init.o [3]
  .text              ro code  0x080006ea    0x4  exit.o [3]
  .text              ro code  0x080006f0    0xa  cexit.o [5]
  .text              ro code  0x080006fc   0x14  exit.o [6]
  .text              ro code  0x08000710   0x10  mqtt_interface.o [1]
  .text              ro code  0x08000720   0x10  startup_stm32f10x_cl.o [1]
  .text              ro code  0x08000730    0xc  cstartup_M.o [5]
  .text              ro code  0x0800073c    0x4  startup_stm32f10x_cl.o [1]
  .text              ro code  0x08000740    0x4  startup_stm32f10x_cl.o [1]
  .text              ro code  0x08000744    0x4  startup_stm32f10x_cl.o [1]
  .text              ro code  0x08000748    0x4  startup_stm32f10x_cl.o [1]
  .text              ro code  0x0800074c    0x4  startup_stm32f10x_cl.o [1]
  .text              ro code  0x08000750    0x4  startup_stm32f10x_cl.o [1]
  .text              ro code  0x08000754    0x4  startup_stm32f10x_cl.o [1]
  .text              ro code  0x08000758    0x4  startup_stm32f10x_cl.o [1]
  .text              ro code  0x0800075c    0x4  startup_stm32f10x_cl.o [1]
  .text              ro code  0x08000760    0x4  startup_stm32f10x_cl.o [1]
  .text              ro code  0x08000764    0x4  startup_stm32f10x_cl.o [1]
  .text              ro code  0x08000768    0x4  startup_stm32f10x_cl.o [1]
  .text              ro code  0x0800076c    0x4  startup_stm32f10x_cl.o [1]
  .text              ro code  0x08000770    0x4  startup_stm32f10x_cl.o [1]
  .text              ro code  0x08000774    0x4  startup_stm32f10x_cl.o [1]
  .text              ro code  0x08000778    0x4  startup_stm32f10x_cl.o [1]
  .text              ro code  0x0800077c    0x4  startup_stm32f10x_cl.o [1]
  .text              ro code  0x08000780    0x4  startup_stm32f10x_cl.o [1]
  .text              ro code  0x08000784    0x4  startup_stm32f10x_cl.o [1]
  .text              ro code  0x08000788    0x4  startup_stm32f10x_cl.o [1]
  .text              ro code  0x0800078c    0x4  startup_stm32f10x_cl.o [1]
  .text              ro code  0x08000790    0x4  startup_stm32f10x_cl.o [1]
  .text              ro code  0x08000794    0x4  startup_stm32f10x_cl.o [1]
  .text              ro code  0x08000798    0x4  startup_stm32f10x_cl.o [1]
  .text              ro code  0x0800079c    0x4  startup_stm32f10x_cl.o [1]
  .text              ro code  0x080007a0    0x4  startup_stm32f10x_cl.o [1]
  .text              ro code  0x080007a4    0x4  startup_stm32f10x_cl.o [1]
  .text              ro code  0x080007a8    0x4  startup_stm32f10x_cl.o [1]
  .text              ro code  0x080007ac    0x4  startup_stm32f10x_cl.o [1]
  .text              ro code  0x080007b0    0x4  startup_stm32f10x_cl.o [1]
  .text              ro code  0x080007b4    0x4  startup_stm32f10x_cl.o [1]
  .text              ro code  0x080007b8    0x4  startup_stm32f10x_cl.o [1]
  .text              ro code  0x080007bc    0x4  startup_stm32f10x_cl.o [1]
  .text              ro code  0x080007c0    0x4  startup_stm32f10x_cl.o [1]
  .text              ro code  0x080007c4    0x4  startup_stm32f10x_cl.o [1]
  .text              ro code  0x080007c8    0x4  startup_stm32f10x_cl.o [1]
  .text              ro code  0x080007cc    0x4  startup_stm32f10x_cl.o [1]
  .text              ro code  0x080007d0    0x4  startup_stm32f10x_cl.o [1]
  .text              ro code  0x080007d4    0x4  startup_stm32f10x_cl.o [1]
  .text              ro code  0x080007d8    0x4  startup_stm32f10x_cl.o [1]
  .text              ro code  0x080007dc    0x4  startup_stm32f10x_cl.o [1]
  .text              ro code  0x080007e0    0x4  startup_stm32f10x_cl.o [1]
  .text              ro code  0x080007e4    0x4  startup_stm32f10x_cl.o [1]
  .text              ro code  0x080007e8    0x4  startup_stm32f10x_cl.o [1]
  .text              ro code  0x080007ec    0x4  startup_stm32f10x_cl.o [1]
  .text              ro code  0x080007f0    0x4  startup_stm32f10x_cl.o [1]
  .text              ro code  0x080007f4    0x4  startup_stm32f10x_cl.o [1]
  .text              ro code  0x080007f8    0x4  startup_stm32f10x_cl.o [1]
  .text              ro code  0x080007fc    0x4  startup_stm32f10x_cl.o [1]
  .text              ro code  0x08000800    0x4  startup_stm32f10x_cl.o [1]
  .text              ro code  0x08000804    0x4  startup_stm32f10x_cl.o [1]
  .text              ro code  0x08000808    0x4  startup_stm32f10x_cl.o [1]
  .text              ro code  0x0800080c    0x4  startup_stm32f10x_cl.o [1]
  .text              ro code  0x08000810    0x4  startup_stm32f10x_cl.o [1]
  .text              ro code  0x08000814    0x4  startup_stm32f10x_cl.o [1]
  .text              ro code  0x08000818    0x4  startup_stm32f10x_cl.o [1]
  .text              ro code  0x0800081c    0x4  startup_stm32f10x_cl.o [1]
  .text              ro code  0x08000820    0x4  startup_stm32f10x_cl.o [1]
  .text              ro code  0x08000824    0x4  startup_stm32f10x_cl.o [1]
  .text              ro code  0x08000828    0x4  startup_stm32f10x_cl.o [1]
  .text              ro code  0x0800082c    0x4  startup_stm32f10x_cl.o [1]
  .text              ro code  0x08000830    0x4  startup_stm32f10x_cl.o [1]
  .text              ro code  0x08000834    0x4  startup_stm32f10x_cl.o [1]
  .text              ro code  0x08000838    0x4  startup_stm32f10x_cl.o [1]
  .text              ro code  0x0800083c    0x4  startup_stm32f10x_cl.o [1]
  .text              ro code  0x08000840    0x4  startup_stm32f10x_cl.o [1]
  .text              ro code  0x08000844    0x4  startup_stm32f10x_cl.o [1]
  .text              ro code  0x08000848    0x4  startup_stm32f10x_cl.o [1]
  .text              ro code  0x0800084c    0x4  startup_stm32f10x_cl.o [1]
  .rodata            const    0x08000850    0x0  packbits_init_single.o [5]
  Initializer bytes  const    0x08000850   0x15  <for P2-1>
                            - 0x08000865  0x715

"P2", part 1 of 2:                         0x2c
  P2-1                        0x20000000   0x2c  <Init block>
    .data            inited   0x20000000   0x14  stm32f10x_rcc.o [1]
    .bss             inited   0x20000014    0x4  mqtt_interface.o [1]
    .bss             inited   0x20000018   0x14  spi_74hc595.o [1]
                            - 0x2000002c   0x2c

"P2", part 2 of 2:                        0x400
  CSTACK                      0x20000030  0x400  <Block>
    CSTACK           uninit   0x20000030  0x400  <Block tail>
                            - 0x20000430  0x400


*******************************************************************************
*** INIT TABLE
***

          Address     Size
          -------     ----
Copy/packbits (__iar_packbits_init_single3)
    1 source range, total size 0x15 (47% of destination):
          0x08000850  0x15
    1 destination range, total size 0x2c:
          0x20000000  0x2c



*******************************************************************************
*** MODULE SUMMARY
***

    Module                  ro code  ro data  rw data
    ------                  -------  -------  -------
G:\Onedrive\OneDrive - Hue Industrial College\1.PKH\1.Project\16.STM32F1_W5500\1.Source\STM32_W5500_MQTT\EWARM\Debug\Obj: [1]
    main.o                       40
    mqtt_interface.o             16        2        4
    spi_74hc595.o               164       10       20
    startup_stm32f10x_cl.o      628
    stm32f10x_gpio.o            154
    stm32f10x_rcc.o             224        9       20
    stm32f10x_spi.o             116
    stm32f10x_usart.o           198
    system_stm32f10x.o          252
    uart_debug.o                136
    -------------------------------------------------
    Total:                    1 928       21       44

command line: [2]
    -------------------------------------------------
    Total:

dl7M_tlf.a: [3]
    exit.o                        4
    low_level_init.o              4
    -------------------------------------------------
    Total:                        8

m7M_tl.a: [4]
    -------------------------------------------------
    Total:

rt7M_tl.a: [5]
    cexit.o                      10
    cmain.o                      30
    cstartup_M.o                 12
    data_init.o                  40
    packbits_init_single.o       56
    -------------------------------------------------
    Total:                      148

shb_l.a: [6]
    exit.o                       20
    -------------------------------------------------
    Total:                       20

    Gaps                          8
    Linker created                        16    1 024
-----------------------------------------------------
    Grand Total:              2 112       37    1 068


*******************************************************************************
*** ENTRY LIST
***

Entry                      Address  Size  Type      Object
-----                      -------  ----  ----      ------
.iar.init_table$$Base   0x080006b8         --   Gb  - Linker created -
.iar.init_table$$Limit  0x080006c8         --   Gb  - Linker created -
?main                   0x080006c9        Code  Gb  cmain.o [5]
ADCPrescTable           0x20000010   0x4  Data  Lc  stm32f10x_rcc.o [1]
APBAHBPrescTable        0x20000000  0x10  Data  Lc  stm32f10x_rcc.o [1]
CSTACK$$Base            0x20000030         --   Gb  - Linker created -
CSTACK$$Limit           0x20000430         --   Gb  - Linker created -
GPIO_Init               0x0800050d  0x9a  Code  Gb  stm32f10x_gpio.o [1]
MilliTimer              0x20000014   0x4  Data  Gb  mqtt_interface.o [1]
RCC_APB1PeriphClockCmd  0x080002fd  0x16  Code  Gb  stm32f10x_rcc.o [1]
RCC_APB2PeriphClockCmd  0x080002e7  0x16  Code  Gb  stm32f10x_rcc.o [1]
RCC_GetClocksFreq       0x0800025d  0x8a  Code  Gb  stm32f10x_rcc.o [1]
RCC_PCLK2Config         0x0800024d  0x10  Code  Gb  stm32f10x_rcc.o [1]
Region$$Table$$Base     0x080006b8         --   Gb  - Linker created -
Region$$Table$$Limit    0x080006c8         --   Gb  - Linker created -
SPI_Cmd                 0x080004d1  0x1a  Code  Gb  stm32f10x_spi.o [1]
SPI_I2S_ITConfig        0x080004eb  0x1e  Code  Gb  stm32f10x_spi.o [1]
SPI_I2S_SendData        0x08000509   0x4  Code  Gb  stm32f10x_spi.o [1]
SPI_Init                0x08000499  0x38  Code  Gb  stm32f10x_spi.o [1]
SPI_InitStructure       0x20000018  0x14  Data  Gb  spi_74hc595.o [1]
SetSysClock             0x08000191   0x2  Code  Lc  system_stm32f10x.o [1]
SetSysClockTo72         0x08000193  0xa4  Code  Lc  system_stm32f10x.o [1]
SysTick_Handler         0x08000711   0xa  Code  Gb  mqtt_interface.o [1]
SystemInit              0x08000151  0x40  Code  Gb  system_stm32f10x.o [1]
USART1Initialze         0x080005a9  0x80  Code  Gb  uart_debug.o [1]
USART_Cmd               0x080003d9  0x1a  Code  Gb  stm32f10x_usart.o [1]
USART_Init              0x0800032d  0xa4  Code  Gb  stm32f10x_usart.o [1]
__cmain                 0x080006c9        Code  Gb  cmain.o [5]
__exit                  0x080006fd  0x14  Code  Gb  exit.o [6]
__iar_data_init3        0x08000691  0x28  Code  Gb  data_init.o [5]
__iar_packbits_init_single3
                        0x08000631  0x38  Code  Gb  packbits_init_single.o [5]
__iar_program_start     0x08000731        Code  Gb  cstartup_M.o [5]
__iar_systems$$module {Abs}
                        0x00000001        Data  Gb  command line/config [2]
__low_level_init        0x080006e7   0x4  Code  Gb  low_level_init.o [3]
__vector_table          0x08000000        Data  Gb  startup_stm32f10x_cl.o [1]
_call_main              0x080006d5        Code  Gb  cmain.o [5]
_exit                   0x080006f1        Code  Gb  cexit.o [5]
_main                   0x080006e3        Code  Gb  cmain.o [5]
exit                    0x080006eb   0x4  Code  Gb  exit.o [3]
init_gpio_spi           0x0800043d  0x50  Code  Gb  spi_74hc595.o [1]
init_spi2               0x080003f5  0x48  Code  Gb  spi_74hc595.o [1]
main                    0x08000669  0x20  Code  Gb  main.o [1]


[1] = G:\Onedrive\OneDrive - Hue Industrial College\1.PKH\1.Project\16.STM32F1_W5500\1.Source\STM32_W5500_MQTT\EWARM\Debug\Obj
[2] = command line
[3] = dl7M_tlf.a
[4] = m7M_tl.a
[5] = rt7M_tl.a
[6] = shb_l.a

  2 112 bytes of readonly  code memory
     37 bytes of readonly  data memory
  1 068 bytes of readwrite data memory

Errors: none
Warnings: none
