###############################################################################
#
# IAR ELF Linker V8.20.1.14183/W32 for ARM                05/Aug/2020  15:56:31
# Copyright 2007-2017 IAR Systems AB.
#
#    Output file  =  
#        G:\Onedrive\OneDrive - Hue Industrial
#        College\1.PKH\1.Project\16.STM32F1_W5500\1.Source\STM32_W5500_MQTT\EWARM\Debug\Exe\STM32F1_W5500_MQTT.out
#    Map file     =  
#        G:\Onedrive\OneDrive - Hue Industrial
#        College\1.PKH\1.Project\16.STM32F1_W5500\1.Source\STM32_W5500_MQTT\EWARM\Debug\List\STM32F1_W5500_MQTT.map
#    Command line =  
#        -f C:\Users\hongt\AppData\Local\Temp\EWF4EE.tmp ("G:\Onedrive\OneDrive
#        - Hue Industrial
#        College\1.PKH\1.Project\16.STM32F1_W5500\1.Source\STM32_W5500_MQTT\EWARM\Debug\Obj\core_cm3.o"
#        "G:\Onedrive\OneDrive - Hue Industrial
#        College\1.PKH\1.Project\16.STM32F1_W5500\1.Source\STM32_W5500_MQTT\EWARM\Debug\Obj\dhcp.o"
#        "G:\Onedrive\OneDrive - Hue Industrial
#        College\1.PKH\1.Project\16.STM32F1_W5500\1.Source\STM32_W5500_MQTT\EWARM\Debug\Obj\dns.o"
#        "G:\Onedrive\OneDrive - Hue Industrial
#        College\1.PKH\1.Project\16.STM32F1_W5500\1.Source\STM32_W5500_MQTT\EWARM\Debug\Obj\loopback.o"
#        "G:\Onedrive\OneDrive - Hue Industrial
#        College\1.PKH\1.Project\16.STM32F1_W5500\1.Source\STM32_W5500_MQTT\EWARM\Debug\Obj\main.o"
#        "G:\Onedrive\OneDrive - Hue Industrial
#        College\1.PKH\1.Project\16.STM32F1_W5500\1.Source\STM32_W5500_MQTT\EWARM\Debug\Obj\misc.o"
#        "G:\Onedrive\OneDrive - Hue Industrial
#        College\1.PKH\1.Project\16.STM32F1_W5500\1.Source\STM32_W5500_MQTT\EWARM\Debug\Obj\mqtt_interface.o"
#        "G:\Onedrive\OneDrive - Hue Industrial
#        College\1.PKH\1.Project\16.STM32F1_W5500\1.Source\STM32_W5500_MQTT\EWARM\Debug\Obj\MQTTClient.o"
#        "G:\Onedrive\OneDrive - Hue Industrial
#        College\1.PKH\1.Project\16.STM32F1_W5500\1.Source\STM32_W5500_MQTT\EWARM\Debug\Obj\MQTTConnectClient.o"
#        "G:\Onedrive\OneDrive - Hue Industrial
#        College\1.PKH\1.Project\16.STM32F1_W5500\1.Source\STM32_W5500_MQTT\EWARM\Debug\Obj\MQTTConnectServer.o"
#        "G:\Onedrive\OneDrive - Hue Industrial
#        College\1.PKH\1.Project\16.STM32F1_W5500\1.Source\STM32_W5500_MQTT\EWARM\Debug\Obj\MQTTDeserializePublish.o"
#        "G:\Onedrive\OneDrive - Hue Industrial
#        College\1.PKH\1.Project\16.STM32F1_W5500\1.Source\STM32_W5500_MQTT\EWARM\Debug\Obj\MQTTFormat.o"
#        "G:\Onedrive\OneDrive - Hue Industrial
#        College\1.PKH\1.Project\16.STM32F1_W5500\1.Source\STM32_W5500_MQTT\EWARM\Debug\Obj\MQTTPacket.o"
#        "G:\Onedrive\OneDrive - Hue Industrial
#        College\1.PKH\1.Project\16.STM32F1_W5500\1.Source\STM32_W5500_MQTT\EWARM\Debug\Obj\MQTTSerializePublish.o"
#        "G:\Onedrive\OneDrive - Hue Industrial
#        College\1.PKH\1.Project\16.STM32F1_W5500\1.Source\STM32_W5500_MQTT\EWARM\Debug\Obj\MQTTSubscribeClient.o"
#        "G:\Onedrive\OneDrive - Hue Industrial
#        College\1.PKH\1.Project\16.STM32F1_W5500\1.Source\STM32_W5500_MQTT\EWARM\Debug\Obj\MQTTSubscribeServer.o"
#        "G:\Onedrive\OneDrive - Hue Industrial
#        College\1.PKH\1.Project\16.STM32F1_W5500\1.Source\STM32_W5500_MQTT\EWARM\Debug\Obj\MQTTUnsubscribeClient.o"
#        "G:\Onedrive\OneDrive - Hue Industrial
#        College\1.PKH\1.Project\16.STM32F1_W5500\1.Source\STM32_W5500_MQTT\EWARM\Debug\Obj\MQTTUnsubscribeServer.o"
#        "G:\Onedrive\OneDrive - Hue Industrial
#        College\1.PKH\1.Project\16.STM32F1_W5500\1.Source\STM32_W5500_MQTT\EWARM\Debug\Obj\output_control.o"
#        "G:\Onedrive\OneDrive - Hue Industrial
#        College\1.PKH\1.Project\16.STM32F1_W5500\1.Source\STM32_W5500_MQTT\EWARM\Debug\Obj\printf.o"
#        "G:\Onedrive\OneDrive - Hue Industrial
#        College\1.PKH\1.Project\16.STM32F1_W5500\1.Source\STM32_W5500_MQTT\EWARM\Debug\Obj\process_string.o"
#        "G:\Onedrive\OneDrive - Hue Industrial
#        College\1.PKH\1.Project\16.STM32F1_W5500\1.Source\STM32_W5500_MQTT\EWARM\Debug\Obj\snmp.o"
#        "G:\Onedrive\OneDrive - Hue Industrial
#        College\1.PKH\1.Project\16.STM32F1_W5500\1.Source\STM32_W5500_MQTT\EWARM\Debug\Obj\snmp_custom.o"
#        "G:\Onedrive\OneDrive - Hue Industrial
#        College\1.PKH\1.Project\16.STM32F1_W5500\1.Source\STM32_W5500_MQTT\EWARM\Debug\Obj\sntp.o"
#        "G:\Onedrive\OneDrive - Hue Industrial
#        College\1.PKH\1.Project\16.STM32F1_W5500\1.Source\STM32_W5500_MQTT\EWARM\Debug\Obj\socket.o"
#        "G:\Onedrive\OneDrive - Hue Industrial
#        College\1.PKH\1.Project\16.STM32F1_W5500\1.Source\STM32_W5500_MQTT\EWARM\Debug\Obj\spi_74hc595.o"
#        "G:\Onedrive\OneDrive - Hue Industrial
#        College\1.PKH\1.Project\16.STM32F1_W5500\1.Source\STM32_W5500_MQTT\EWARM\Debug\Obj\startup_stm32f10x_cl.o"
#        "G:\Onedrive\OneDrive - Hue Industrial
#        College\1.PKH\1.Project\16.STM32F1_W5500\1.Source\STM32_W5500_MQTT\EWARM\Debug\Obj\stm32f10x_adc.o"
#        "G:\Onedrive\OneDrive - Hue Industrial
#        College\1.PKH\1.Project\16.STM32F1_W5500\1.Source\STM32_W5500_MQTT\EWARM\Debug\Obj\stm32f10x_bkp.o"
#        "G:\Onedrive\OneDrive - Hue Industrial
#        College\1.PKH\1.Project\16.STM32F1_W5500\1.Source\STM32_W5500_MQTT\EWARM\Debug\Obj\stm32f10x_can.o"
#        "G:\Onedrive\OneDrive - Hue Industrial
#        College\1.PKH\1.Project\16.STM32F1_W5500\1.Source\STM32_W5500_MQTT\EWARM\Debug\Obj\stm32f10x_cec.o"
#        "G:\Onedrive\OneDrive - Hue Industrial
#        College\1.PKH\1.Project\16.STM32F1_W5500\1.Source\STM32_W5500_MQTT\EWARM\Debug\Obj\stm32f10x_crc.o"
#        "G:\Onedrive\OneDrive - Hue Industrial
#        College\1.PKH\1.Project\16.STM32F1_W5500\1.Source\STM32_W5500_MQTT\EWARM\Debug\Obj\stm32f10x_dac.o"
#        "G:\Onedrive\OneDrive - Hue Industrial
#        College\1.PKH\1.Project\16.STM32F1_W5500\1.Source\STM32_W5500_MQTT\EWARM\Debug\Obj\stm32f10x_dbgmcu.o"
#        "G:\Onedrive\OneDrive - Hue Industrial
#        College\1.PKH\1.Project\16.STM32F1_W5500\1.Source\STM32_W5500_MQTT\EWARM\Debug\Obj\stm32f10x_dma.o"
#        "G:\Onedrive\OneDrive - Hue Industrial
#        College\1.PKH\1.Project\16.STM32F1_W5500\1.Source\STM32_W5500_MQTT\EWARM\Debug\Obj\stm32f10x_exti.o"
#        "G:\Onedrive\OneDrive - Hue Industrial
#        College\1.PKH\1.Project\16.STM32F1_W5500\1.Source\STM32_W5500_MQTT\EWARM\Debug\Obj\stm32f10x_flash.o"
#        "G:\Onedrive\OneDrive - Hue Industrial
#        College\1.PKH\1.Project\16.STM32F1_W5500\1.Source\STM32_W5500_MQTT\EWARM\Debug\Obj\stm32f10x_fsmc.o"
#        "G:\Onedrive\OneDrive - Hue Industrial
#        College\1.PKH\1.Project\16.STM32F1_W5500\1.Source\STM32_W5500_MQTT\EWARM\Debug\Obj\stm32f10x_gpio.o"
#        "G:\Onedrive\OneDrive - Hue Industrial
#        College\1.PKH\1.Project\16.STM32F1_W5500\1.Source\STM32_W5500_MQTT\EWARM\Debug\Obj\stm32f10x_i2c.o"
#        "G:\Onedrive\OneDrive - Hue Industrial
#        College\1.PKH\1.Project\16.STM32F1_W5500\1.Source\STM32_W5500_MQTT\EWARM\Debug\Obj\stm32f10x_it.o"
#        "G:\Onedrive\OneDrive - Hue Industrial
#        College\1.PKH\1.Project\16.STM32F1_W5500\1.Source\STM32_W5500_MQTT\EWARM\Debug\Obj\stm32f10x_iwdg.o"
#        "G:\Onedrive\OneDrive - Hue Industrial
#        College\1.PKH\1.Project\16.STM32F1_W5500\1.Source\STM32_W5500_MQTT\EWARM\Debug\Obj\stm32f10x_pwr.o"
#        "G:\Onedrive\OneDrive - Hue Industrial
#        College\1.PKH\1.Project\16.STM32F1_W5500\1.Source\STM32_W5500_MQTT\EWARM\Debug\Obj\stm32f10x_rcc.o"
#        "G:\Onedrive\OneDrive - Hue Industrial
#        College\1.PKH\1.Project\16.STM32F1_W5500\1.Source\STM32_W5500_MQTT\EWARM\Debug\Obj\stm32f10x_rtc.o"
#        "G:\Onedrive\OneDrive - Hue Industrial
#        College\1.PKH\1.Project\16.STM32F1_W5500\1.Source\STM32_W5500_MQTT\EWARM\Debug\Obj\stm32f10x_sdio.o"
#        "G:\Onedrive\OneDrive - Hue Industrial
#        College\1.PKH\1.Project\16.STM32F1_W5500\1.Source\STM32_W5500_MQTT\EWARM\Debug\Obj\stm32f10x_spi.o"
#        "G:\Onedrive\OneDrive - Hue Industrial
#        College\1.PKH\1.Project\16.STM32F1_W5500\1.Source\STM32_W5500_MQTT\EWARM\Debug\Obj\stm32f10x_tim.o"
#        "G:\Onedrive\OneDrive - Hue Industrial
#        College\1.PKH\1.Project\16.STM32F1_W5500\1.Source\STM32_W5500_MQTT\EWARM\Debug\Obj\stm32f10x_usart.o"
#        "G:\Onedrive\OneDrive - Hue Industrial
#        College\1.PKH\1.Project\16.STM32F1_W5500\1.Source\STM32_W5500_MQTT\EWARM\Debug\Obj\stm32f10x_wwdg.o"
#        "G:\Onedrive\OneDrive - Hue Industrial
#        College\1.PKH\1.Project\16.STM32F1_W5500\1.Source\STM32_W5500_MQTT\EWARM\Debug\Obj\system_stm32f10x.o"
#        "G:\Onedrive\OneDrive - Hue Industrial
#        College\1.PKH\1.Project\16.STM32F1_W5500\1.Source\STM32_W5500_MQTT\EWARM\Debug\Obj\timer.o"
#        "G:\Onedrive\OneDrive - Hue Industrial
#        College\1.PKH\1.Project\16.STM32F1_W5500\1.Source\STM32_W5500_MQTT\EWARM\Debug\Obj\uart_debug.o"
#        "G:\Onedrive\OneDrive - Hue Industrial
#        College\1.PKH\1.Project\16.STM32F1_W5500\1.Source\STM32_W5500_MQTT\EWARM\Debug\Obj\w5500.o"
#        "G:\Onedrive\OneDrive - Hue Industrial
#        College\1.PKH\1.Project\16.STM32F1_W5500\1.Source\STM32_W5500_MQTT\EWARM\Debug\Obj\W5500HardwareDriver.o"
#        "G:\Onedrive\OneDrive - Hue Industrial
#        College\1.PKH\1.Project\16.STM32F1_W5500\1.Source\STM32_W5500_MQTT\EWARM\Debug\Obj\wizchip_conf.o"
#        -o "G:\Onedrive\OneDrive - Hue Industrial
#        College\1.PKH\1.Project\16.STM32F1_W5500\1.Source\STM32_W5500_MQTT\EWARM\Debug\Exe\STM32F1_W5500_MQTT.out"
#        --redirect _Printf=_PrintfFullNoMb --redirect _Scanf=_ScanfFullNoMb
#        --map "G:\Onedrive\OneDrive - Hue Industrial
#        College\1.PKH\1.Project\16.STM32F1_W5500\1.Source\STM32_W5500_MQTT\EWARM\Debug\List\STM32F1_W5500_MQTT.map"
#        --config "G:\Onedrive\OneDrive - Hue Industrial
#        College\1.PKH\1.Project\16.STM32F1_W5500\1.Source\STM32_W5500_MQTT\EWARM/settings/stm32f10x_flash.icf"
#        --semihosting --entry __iar_program_start --vfe --text_out locale)
#
###############################################################################

*******************************************************************************
*** RUNTIME MODEL ATTRIBUTES
***

CppFlavor       = *
__SystemLibrary = DLib
__dlib_version  = 6


*******************************************************************************
*** HEAP SELECTION
***

The basic heap was selected because no calls to memory allocation
functions were found in the application outside of system library
functions, and there are calls to deallocation functions in the
application.


*******************************************************************************
*** PLACEMENT SUMMARY
***

"A0":  place at 0x08000000 { ro section .intvec };
"P1":  place in [from 0x08000000 to 0x080fffff] { ro };
define block CSTACK with size = 1K, alignment = 8 { };
define block HEAP with size = 512, alignment = 8 { };
"P2":  place in [from 0x20000000 to 0x20017fff] {
          rw, block CSTACK, block HEAP };
initialize by copy { rw };

  Section            Kind        Address   Size  Object
  -------            ----        -------   ----  ------
"A0":                                     0x150
  .intvec            ro code  0x08000000  0x150  startup_stm32f10x_cl.o [1]
                            - 0x08000150  0x150

"P1":                                     0xae2
  .text              ro code  0x08000150  0x194  stm32f10x_tim.o [1]
  .text              ro code  0x080002e4  0x128  spi_74hc595.o [1]
  .text              ro code  0x0800040c   0x74  stm32f10x_spi.o [1]
  .text              ro code  0x08000480   0xec  stm32f10x_rcc.o [1]
  .text              ro code  0x0800056c   0xa2  stm32f10x_gpio.o [1]
  .text              ro code  0x08000610   0x2c  main.o [1]
  .text              ro code  0x0800063c   0x88  uart_debug.o [1]
  .text              ro code  0x080006c4   0xac  timer.o [1]
  .text              ro code  0x08000770   0xc6  stm32f10x_usart.o [1]
  .text              ro code  0x08000838   0x6c  misc.o [1]
  .text              ro code  0x080008a4   0xfc  system_stm32f10x.o [1]
  .text              ro code  0x080009a0   0x6c  stm32f10x_it.o [1]
  .text              ro code  0x08000a0c   0x38  packbits_init_single.o [5]
  .text              ro code  0x08000a44   0x28  data_init.o [5]
  .iar.init_table    const    0x08000a6c   0x10  - Linker created -
  .text              ro code  0x08000a7c   0x1e  cmain.o [5]
  .text              ro code  0x08000a9a    0x4  low_level_init.o [3]
  .text              ro code  0x08000a9e    0x4  exit.o [3]
  .text              ro code  0x08000aa4    0xa  cexit.o [5]
  .text              ro code  0x08000ab0   0x14  exit.o [6]
  .text              ro code  0x08000ac4   0x10  mqtt_interface.o [1]
  .text              ro code  0x08000ad4   0x10  startup_stm32f10x_cl.o [1]
  .text              ro code  0x08000ae4    0xc  cstartup_M.o [5]
  .text              ro code  0x08000af0    0x4  startup_stm32f10x_cl.o [1]
  .text              ro code  0x08000af4    0x4  startup_stm32f10x_cl.o [1]
  .text              ro code  0x08000af8    0x4  startup_stm32f10x_cl.o [1]
  .text              ro code  0x08000afc    0x4  startup_stm32f10x_cl.o [1]
  .text              ro code  0x08000b00    0x4  startup_stm32f10x_cl.o [1]
  .text              ro code  0x08000b04    0x4  startup_stm32f10x_cl.o [1]
  .text              ro code  0x08000b08    0x4  startup_stm32f10x_cl.o [1]
  .text              ro code  0x08000b0c    0x4  startup_stm32f10x_cl.o [1]
  .text              ro code  0x08000b10    0x4  startup_stm32f10x_cl.o [1]
  .text              ro code  0x08000b14    0x4  startup_stm32f10x_cl.o [1]
  .text              ro code  0x08000b18    0x4  startup_stm32f10x_cl.o [1]
  .text              ro code  0x08000b1c    0x4  startup_stm32f10x_cl.o [1]
  .text              ro code  0x08000b20    0x4  startup_stm32f10x_cl.o [1]
  .text              ro code  0x08000b24    0x4  startup_stm32f10x_cl.o [1]
  .text              ro code  0x08000b28    0x4  startup_stm32f10x_cl.o [1]
  .text              ro code  0x08000b2c    0x4  startup_stm32f10x_cl.o [1]
  .text              ro code  0x08000b30    0x4  startup_stm32f10x_cl.o [1]
  .text              ro code  0x08000b34    0x4  startup_stm32f10x_cl.o [1]
  .text              ro code  0x08000b38    0x4  startup_stm32f10x_cl.o [1]
  .text              ro code  0x08000b3c    0x4  startup_stm32f10x_cl.o [1]
  .text              ro code  0x08000b40    0x4  startup_stm32f10x_cl.o [1]
  .text              ro code  0x08000b44    0x4  startup_stm32f10x_cl.o [1]
  .text              ro code  0x08000b48    0x4  startup_stm32f10x_cl.o [1]
  .text              ro code  0x08000b4c    0x4  startup_stm32f10x_cl.o [1]
  .text              ro code  0x08000b50    0x4  startup_stm32f10x_cl.o [1]
  .text              ro code  0x08000b54    0x4  startup_stm32f10x_cl.o [1]
  .text              ro code  0x08000b58    0x4  startup_stm32f10x_cl.o [1]
  .text              ro code  0x08000b5c    0x4  startup_stm32f10x_cl.o [1]
  .text              ro code  0x08000b60    0x4  startup_stm32f10x_cl.o [1]
  .text              ro code  0x08000b64    0x4  startup_stm32f10x_cl.o [1]
  .text              ro code  0x08000b68    0x4  startup_stm32f10x_cl.o [1]
  .text              ro code  0x08000b6c    0x4  startup_stm32f10x_cl.o [1]
  .text              ro code  0x08000b70    0x4  startup_stm32f10x_cl.o [1]
  .text              ro code  0x08000b74    0x4  startup_stm32f10x_cl.o [1]
  .text              ro code  0x08000b78    0x4  startup_stm32f10x_cl.o [1]
  .text              ro code  0x08000b7c    0x4  startup_stm32f10x_cl.o [1]
  .text              ro code  0x08000b80    0x4  startup_stm32f10x_cl.o [1]
  .text              ro code  0x08000b84    0x4  startup_stm32f10x_cl.o [1]
  .text              ro code  0x08000b88    0x4  startup_stm32f10x_cl.o [1]
  .text              ro code  0x08000b8c    0x4  startup_stm32f10x_cl.o [1]
  .text              ro code  0x08000b90    0x4  startup_stm32f10x_cl.o [1]
  .text              ro code  0x08000b94    0x4  startup_stm32f10x_cl.o [1]
  .text              ro code  0x08000b98    0x4  startup_stm32f10x_cl.o [1]
  .text              ro code  0x08000b9c    0x4  startup_stm32f10x_cl.o [1]
  .text              ro code  0x08000ba0    0x4  startup_stm32f10x_cl.o [1]
  .text              ro code  0x08000ba4    0x4  startup_stm32f10x_cl.o [1]
  .text              ro code  0x08000ba8    0x4  startup_stm32f10x_cl.o [1]
  .text              ro code  0x08000bac    0x4  startup_stm32f10x_cl.o [1]
  .text              ro code  0x08000bb0    0x4  startup_stm32f10x_cl.o [1]
  .text              ro code  0x08000bb4    0x4  startup_stm32f10x_cl.o [1]
  .text              ro code  0x08000bb8    0x4  startup_stm32f10x_cl.o [1]
  .text              ro code  0x08000bbc    0x4  startup_stm32f10x_cl.o [1]
  .text              ro code  0x08000bc0    0x4  startup_stm32f10x_cl.o [1]
  .text              ro code  0x08000bc4    0x4  startup_stm32f10x_cl.o [1]
  .text              ro code  0x08000bc8    0x4  startup_stm32f10x_cl.o [1]
  .text              ro code  0x08000bcc    0x4  startup_stm32f10x_cl.o [1]
  .text              ro code  0x08000bd0    0x4  startup_stm32f10x_cl.o [1]
  .text              ro code  0x08000bd4    0x4  startup_stm32f10x_cl.o [1]
  .text              ro code  0x08000bd8    0x4  startup_stm32f10x_cl.o [1]
  .text              ro code  0x08000bdc    0x4  startup_stm32f10x_cl.o [1]
  .rodata            const    0x08000be0    0x0  packbits_init_single.o [5]
  Initializer bytes  const    0x08000be0   0x52  <for P2-1>
                            - 0x08000c32  0xae2

"P2", part 1 of 2:                         0x98
  P2-1                        0x20000000   0x98  <Init block>
    .data            inited   0x20000000   0x30  spi_74hc595.o [1]
    .data            inited   0x20000030   0x14  stm32f10x_rcc.o [1]
    .data            inited   0x20000044   0x14  system_stm32f10x.o [1]
    .data            inited   0x20000058   0x20  timer.o [1]
    .bss             inited   0x20000078    0x4  mqtt_interface.o [1]
    .bss             inited   0x2000007c   0x14  spi_74hc595.o [1]
    .bss             inited   0x20000090    0x8  stm32f10x_it.o [1]
                            - 0x20000098   0x98

"P2", part 2 of 2:                        0x400
  CSTACK                      0x20000098  0x400  <Block>
    CSTACK           uninit   0x20000098  0x400  <Block tail>
                            - 0x20000498  0x400


*******************************************************************************
*** INIT TABLE
***

          Address     Size
          -------     ----
Copy/packbits (__iar_packbits_init_single3)
    1 source range, total size 0x52 (53% of destination):
          0x08000be0  0x52
    1 destination range, total size 0x98:
          0x20000000  0x98



*******************************************************************************
*** MODULE SUMMARY
***

    Module                  ro code  ro data  rw data
    ------                  -------  -------  -------
G:\Onedrive\OneDrive - Hue Industrial College\1.PKH\1.Project\16.STM32F1_W5500\1.Source\STM32_W5500_MQTT\EWARM\Debug\Obj: [1]
    main.o                       44
    misc.o                      108
    mqtt_interface.o             16        2        4
    spi_74hc595.o               296       36       68
    startup_stm32f10x_cl.o      592
    stm32f10x_gpio.o            162
    stm32f10x_it.o              108        5        8
    stm32f10x_rcc.o             236       11       20
    stm32f10x_spi.o             116
    stm32f10x_tim.o             404
    stm32f10x_usart.o           198
    system_stm32f10x.o          252       11       20
    timer.o                     172       17       32
    uart_debug.o                136
    -------------------------------------------------
    Total:                    2 840       82      152

command line: [2]
    -------------------------------------------------
    Total:

dl7M_tlf.a: [3]
    exit.o                        4
    low_level_init.o              4
    -------------------------------------------------
    Total:                        8

m7M_tl.a: [4]
    -------------------------------------------------
    Total:

rt7M_tl.a: [5]
    cexit.o                      10
    cmain.o                      30
    cstartup_M.o                 12
    data_init.o                  40
    packbits_init_single.o       56
    -------------------------------------------------
    Total:                      148

shb_l.a: [6]
    exit.o                       20
    -------------------------------------------------
    Total:                       20

    Gaps                          8
    Linker created                        16    1 024
-----------------------------------------------------
    Grand Total:              3 024       98    1 176


*******************************************************************************
*** ENTRY LIST
***

Entry                      Address  Size  Type      Object
-----                      -------  ----  ----      ------
.iar.init_table$$Base   0x08000a6c         --   Gb  - Linker created -
.iar.init_table$$Limit  0x08000a7c         --   Gb  - Linker created -
?main                   0x08000a7d        Code  Gb  cmain.o [5]
ADCPrescTable           0x20000040   0x4  Data  Lc  stm32f10x_rcc.o [1]
AHBPrescTable           0x20000044  0x10  Data  Gb  system_stm32f10x.o [1]
APBAHBPrescTable        0x20000030  0x10  Data  Lc  stm32f10x_rcc.o [1]
BusFault_Handler        0x080009a7   0x2  Code  Gb  stm32f10x_it.o [1]
CCR1_Val                0x20000074   0x2  Data  Gb  timer.o [1]
CSTACK$$Base            0x20000098         --   Gb  - Linker created -
CSTACK$$Limit           0x20000498         --   Gb  - Linker created -
DebugMon_Handler        0x080009ab   0x2  Code  Gb  stm32f10x_it.o [1]
GPIO_Init               0x0800056d  0x9a  Code  Gb  stm32f10x_gpio.o [1]
GPIO_ResetBits          0x0800060b   0x4  Code  Gb  stm32f10x_gpio.o [1]
GPIO_SetBits            0x08000607   0x4  Code  Gb  stm32f10x_gpio.o [1]
HardFault_Handler       0x080009a3   0x2  Code  Gb  stm32f10x_it.o [1]
MemManage_Handler       0x080009a5   0x2  Code  Gb  stm32f10x_it.o [1]
MilliTimer              0x20000078   0x4  Data  Gb  mqtt_interface.o [1]
NMI_Handler             0x080009a1   0x2  Code  Gb  stm32f10x_it.o [1]
NVIC_Configuration      0x080006c5  0x20  Code  Gb  timer.o [1]
NVIC_Init               0x08000839  0x5a  Code  Gb  misc.o [1]
PendSV_Handler          0x080009af   0x2  Code  Gb  stm32f10x_it.o [1]
PrescalerValue          0x20000076   0x2  Data  Gb  timer.o [1]
RCC_APB1PeriphClockCmd  0x0800053f  0x16  Code  Gb  stm32f10x_rcc.o [1]
RCC_APB2PeriphClockCmd  0x08000529  0x16  Code  Gb  stm32f10x_rcc.o [1]
RCC_GetClocksFreq       0x0800049f  0x8a  Code  Gb  stm32f10x_rcc.o [1]
RCC_PCLK1Config         0x08000481   0xe  Code  Gb  stm32f10x_rcc.o [1]
RCC_PCLK2Config         0x0800048f  0x10  Code  Gb  stm32f10x_rcc.o [1]
Region$$Table$$Base     0x08000a6c         --   Gb  - Linker created -
Region$$Table$$Limit    0x08000a7c         --   Gb  - Linker created -
SPI_Cmd                 0x08000445  0x1a  Code  Gb  stm32f10x_spi.o [1]
SPI_I2S_ITConfig        0x0800045f  0x1e  Code  Gb  stm32f10x_spi.o [1]
SPI_I2S_SendData        0x0800047d   0x4  Code  Gb  stm32f10x_spi.o [1]
SPI_Init                0x0800040d  0x38  Code  Gb  stm32f10x_spi.o [1]
SPI_InitStructure       0x2000007c  0x14  Data  Gb  spi_74hc595.o [1]
SVC_Handler             0x080009ad   0x2  Code  Gb  stm32f10x_it.o [1]
SetSysClock             0x080008e5   0x2  Code  Lc  system_stm32f10x.o [1]
SetSysClockTo72         0x080008e7  0xa4  Code  Lc  system_stm32f10x.o [1]
SysTick_Handler         0x08000ac5   0xa  Code  Gb  mqtt_interface.o [1]
SystemCoreClock         0x20000054   0x4  Data  Gb  system_stm32f10x.o [1]
SystemInit              0x080008a5  0x40  Code  Gb  system_stm32f10x.o [1]
TIM2_IRQHandler         0x080009b1  0x54  Code  Gb  stm32f10x_it.o [1]
TIM_ClearITPendingBit   0x080002b7   0x6  Code  Gb  stm32f10x_tim.o [1]
TIM_Cmd                 0x08000263  0x1a  Code  Gb  stm32f10x_tim.o [1]
TIM_GetCapture1         0x0800029b   0x4  Code  Gb  stm32f10x_tim.o [1]
TIM_GetITStatus         0x0800029f  0x18  Code  Gb  stm32f10x_tim.o [1]
TIM_ITConfig            0x0800027d  0x14  Code  Gb  stm32f10x_tim.o [1]
TIM_OC1Init             0x080001e1  0x82  Code  Gb  stm32f10x_tim.o [1]
TIM_OCInitStructure     0x20000058  0x10  Data  Gb  timer.o [1]
TIM_PrescalerConfig     0x08000291   0x6  Code  Gb  stm32f10x_tim.o [1]
TIM_SetCompare1         0x08000297   0x4  Code  Gb  stm32f10x_tim.o [1]
TIM_TimeBaseInit        0x08000151  0x90  Code  Gb  stm32f10x_tim.o [1]
TIM_TimeBaseStructure   0x20000068   0xc  Data  Gb  timer.o [1]
USART1Initialze         0x0800063d  0x80  Code  Gb  uart_debug.o [1]
USART_Cmd               0x0800081d  0x1a  Code  Gb  stm32f10x_usart.o [1]
USART_Init              0x08000771  0xa4  Code  Gb  stm32f10x_usart.o [1]
UsageFault_Handler      0x080009a9   0x2  Code  Gb  stm32f10x_it.o [1]
__cmain                 0x08000a7d        Code  Gb  cmain.o [5]
__exit                  0x08000ab1  0x14  Code  Gb  exit.o [6]
__iar_data_init3        0x08000a45  0x28  Code  Gb  data_init.o [5]
__iar_packbits_init_single3
                        0x08000a0d  0x38  Code  Gb  packbits_init_single.o [5]
__iar_program_start     0x08000ae5        Code  Gb  cstartup_M.o [5]
__iar_systems$$module {Abs}
                        0x00000001        Data  Gb  command line/config [2]
__low_level_init        0x08000a9b   0x4  Code  Gb  low_level_init.o [3]
__vector_table          0x08000000        Data  Gb  startup_stm32f10x_cl.o [1]
_call_main              0x08000a89        Code  Gb  cmain.o [5]
_exit                   0x08000aa5        Code  Gb  cexit.o [5]
_main                   0x08000a97        Code  Gb  cmain.o [5]
capture                 0x20000090   0x2  Data  Gb  stm32f10x_it.o [1]
delay                   0x08000631   0xc  Code  Gb  main.o [1]
display_number          0x0800038f  0x6c  Code  Gb  spi_74hc595.o [1]
exit                    0x08000a9f   0x4  Code  Gb  exit.o [3]
init_gpio_spi           0x0800032b  0x50  Code  Gb  spi_74hc595.o [1]
init_spi2               0x080002e5  0x46  Code  Gb  spi_74hc595.o [1]
init_timer2             0x080006e5  0x80  Code  Gb  timer.o [1]
main                    0x08000611  0x20  Code  Gb  main.o [1]
pin_cs_high             0x0800037b   0xa  Code  Gb  spi_74hc595.o [1]
pin_cs_low              0x08000385   0xa  Code  Gb  spi_74hc595.o [1]
table_number_segment    0x20000000  0x30  Data  Gb  spi_74hc595.o [1]
ui32_counter_timer2     0x20000094   0x4  Data  Gb  stm32f10x_it.o [1]


[1] = G:\Onedrive\OneDrive - Hue Industrial College\1.PKH\1.Project\16.STM32F1_W5500\1.Source\STM32_W5500_MQTT\EWARM\Debug\Obj
[2] = command line
[3] = dl7M_tlf.a
[4] = m7M_tl.a
[5] = rt7M_tl.a
[6] = shb_l.a

  3 024 bytes of readonly  code memory
     98 bytes of readonly  data memory
  1 176 bytes of readwrite data memory

Errors: none
Warnings: none
